2026-05-25 00:40:25,516 Wrench FINAL BATCH - 715 targets
2026-05-25 00:40:25,517 [1/715] 1995 Toyota Camry
2026-05-25 00:40:26,424   No results
2026-05-25 00:40:26,424 [2/715] 1994 Toyota Camry
2026-05-25 00:40:26,964   No results
2026-05-25 00:40:26,964 [3/715] 1993 Toyota Camry
2026-05-25 00:40:27,502   No results
2026-05-25 00:40:27,502 [4/715] 1992 Toyota Camry
2026-05-25 00:40:28,037   No results
2026-05-25 00:40:28,037 [5/715] 1991 Toyota Camry
2026-05-25 00:40:28,577   No results
2026-05-25 00:40:28,577 [6/715] 1990 Toyota Camry
2026-05-25 00:40:29,112   No results
2026-05-25 00:40:29,112 [7/715] 1995 Toyota Corolla
2026-05-25 00:40:29,649   No results
2026-05-25 00:40:29,649 [8/715] 1994 Toyota Corolla
2026-05-25 00:40:30,185   No results
2026-05-25 00:40:30,186 [9/715] 1993 Toyota Corolla
2026-05-25 00:40:30,718   No results
2026-05-25 00:40:30,718 [10/715] 1992 Toyota Corolla
2026-05-25 00:40:31,261   No results
2026-05-25 00:40:31,261 [11/715] 1991 Toyota Corolla
2026-05-25 00:40:31,801   No results
2026-05-25 00:40:31,801 [12/715] 1990 Toyota Corolla
2026-05-25 00:40:32,336   No results
2026-05-25 00:40:32,336 [13/715] 1995 Toyota 4Runner
2026-05-25 00:40:32,874   No results
2026-05-25 00:40:32,875 [14/715] 1994 Toyota 4Runner
2026-05-25 00:40:33,408   No results
2026-05-25 00:40:33,408 [15/715] 1993 Toyota 4Runner
2026-05-25 00:40:33,947   No results
2026-05-25 00:40:33,948 [16/715] 1992 Toyota 4Runner
2026-05-25 00:40:34,485   No results
2026-05-25 00:40:34,485 [17/715] 1991 Toyota 4Runner
2026-05-25 00:40:35,020   No results
2026-05-25 00:40:35,020 [18/715] 1990 Toyota 4Runner
2026-05-25 00:40:35,560   No results
2026-05-25 00:40:35,560 [19/715] 1995 Toyota Pickup
2026-05-25 00:40:36,093   No results
2026-05-25 00:40:36,093 [20/715] 1994 Toyota Pickup
2026-05-25 00:40:36,631   No results
2026-05-25 00:40:36,631 [21/715] 1993 Toyota Pickup
2026-05-25 00:40:37,167   No results
2026-05-25 00:40:37,167 [22/715] 1992 Toyota Pickup
2026-05-25 00:40:37,701   No results
2026-05-25 00:40:37,701 [23/715] 1991 Toyota Pickup
2026-05-25 00:40:38,241   No results
2026-05-25 00:40:38,241 [24/715] 1990 Toyota Pickup
2026-05-25 00:40:38,777   No results
2026-05-25 00:40:38,777 [25/715] 1995 Toyota Land Cruiser
2026-05-25 00:40:39,316   No results
2026-05-25 00:40:39,317 --- 0/25 ok | 25 reqs | 1443 total ---
2026-05-25 00:40:39,317 [26/715] 1994 Toyota Land Cruiser
2026-05-25 00:40:39,852   No results
2026-05-25 00:40:39,852 [27/715] 1993 Toyota Land Cruiser
2026-05-25 00:40:40,387   No results
2026-05-25 00:40:40,387 [28/715] 1992 Toyota Land Cruiser
2026-05-25 00:40:40,926   No results
2026-05-25 00:40:40,926 [29/715] 1995 Toyota Celica
2026-05-25 00:40:41,462   No results
2026-05-25 00:40:41,462 [30/715] 1994 Toyota Celica
2026-05-25 00:40:42,000   No results
2026-05-25 00:40:42,000 [31/715] 1993 Toyota Celica
2026-05-25 00:40:42,535   No results
2026-05-25 00:40:42,535 [32/715] 1995 Toyota Supra
2026-05-25 00:40:43,071   No results
2026-05-25 00:40:43,071 [33/715] 1994 Toyota Supra
2026-05-25 00:40:43,612   No results
2026-05-25 00:40:43,612 [34/715] 1993 Toyota Supra
2026-05-25 00:40:44,147   No results
2026-05-25 00:40:44,148 [35/715] 1995 Honda Civic
2026-05-25 00:40:44,685   No results
2026-05-25 00:40:44,686 [36/715] 1994 Honda Civic
2026-05-25 00:40:45,220   No results
2026-05-25 00:40:45,221 [37/715] 1993 Honda Civic
2026-05-25 00:40:45,757   No results
2026-05-25 00:40:45,757 [38/715] 1992 Honda Civic
2026-05-25 00:40:46,303   No results
2026-05-25 00:40:46,303 [39/715] 1991 Honda Civic
2026-05-25 00:40:46,837   No results
2026-05-25 00:40:46,837 [40/715] 1990 Honda Civic
2026-05-25 00:40:47,379   No results
2026-05-25 00:40:47,379 [41/715] 1995 Honda Accord
2026-05-25 00:40:47,919   No results
2026-05-25 00:40:47,919 [42/715] 1994 Honda Accord
2026-05-25 00:40:48,458   No results
2026-05-25 00:40:48,459 [43/715] 1993 Honda Accord
2026-05-25 00:40:48,996   No results
2026-05-25 00:40:48,996 [44/715] 1992 Honda Accord
2026-05-25 00:40:49,534   No results
2026-05-25 00:40:49,534 [45/715] 1991 Honda Accord
2026-05-25 00:40:50,071   No results
2026-05-25 00:40:50,071 [46/715] 1990 Honda Accord
2026-05-25 00:40:50,606   No results
2026-05-25 00:40:50,606 [47/715] 1995 Honda Prelude
2026-05-25 00:40:51,139   No results
2026-05-25 00:40:51,140 [48/715] 1994 Honda Prelude
2026-05-25 00:40:51,677   No results
2026-05-25 00:40:51,678 [49/715] 1993 Honda Prelude
2026-05-25 00:40:52,211   No results
2026-05-25 00:40:52,211 [50/715] 1995 Honda CR-V
2026-05-25 00:40:52,749   No results
2026-05-25 00:40:52,749 --- 0/50 ok | 50 reqs | 1443 total ---
2026-05-25 00:40:52,749 [51/715] 1995 Honda Passport
2026-05-25 00:40:53,284   No results
2026-05-25 00:40:53,284 [52/715] 1994 Honda Passport
2026-05-25 00:40:53,825   No results
2026-05-25 00:40:53,825 [53/715] 1995 Ford F-150
2026-05-25 00:40:54,367   No results
2026-05-25 00:40:54,368 [54/715] 1994 Ford F-150
2026-05-25 00:40:54,903   No results
2026-05-25 00:40:54,903 [55/715] 1993 Ford F-150
2026-05-25 00:40:55,442   No results
2026-05-25 00:40:55,442 [56/715] 1992 Ford F-150
2026-05-25 00:40:55,977   No results
2026-05-25 00:40:55,977 [57/715] 1991 Ford F-150
2026-05-25 00:40:56,512   No results
2026-05-25 00:40:56,512 [58/715] 1990 Ford F-150
2026-05-25 00:40:57,053   No results
2026-05-25 00:40:57,053 [59/715] 1995 Ford Explorer
2026-05-25 00:40:57,592   No results
2026-05-25 00:40:57,592 [60/715] 1994 Ford Explorer
2026-05-25 00:40:58,132   No results
2026-05-25 00:40:58,132 [61/715] 1993 Ford Explorer
2026-05-25 00:40:58,670   No results
2026-05-25 00:40:58,671 [62/715] 1992 Ford Explorer
2026-05-25 00:40:59,208   No results
2026-05-25 00:40:59,209 [63/715] 1991 Ford Explorer
2026-05-25 00:40:59,748   No results
2026-05-25 00:40:59,748 [64/715] 1995 Ford Mustang
2026-05-25 00:41:00,283   No results
2026-05-25 00:41:00,283 [65/715] 1994 Ford Mustang
2026-05-25 00:41:00,821   No results
2026-05-25 00:41:00,822 [66/715] 1993 Ford Mustang
2026-05-25 00:41:01,358   No results
2026-05-25 00:41:01,358 [67/715] 1992 Ford Mustang
2026-05-25 00:41:01,893   No results
2026-05-25 00:41:01,893 [68/715] 1991 Ford Mustang
2026-05-25 00:41:02,435   No results
2026-05-25 00:41:02,435 [69/715] 1990 Ford Mustang
2026-05-25 00:41:02,969   No results
2026-05-25 00:41:02,969 [70/715] 1995 Ford Ranger
2026-05-25 00:41:03,510   No results
2026-05-25 00:41:03,510 [71/715] 1994 Ford Ranger
2026-05-25 00:41:04,045   No results
2026-05-25 00:41:04,045 [72/715] 1993 Ford Ranger
2026-05-25 00:41:04,580   No results
2026-05-25 00:41:04,580 [73/715] 1992 Ford Ranger
2026-05-25 00:41:05,120   No results
2026-05-25 00:41:05,120 [74/715] 1991 Ford Ranger
2026-05-25 00:41:05,659   No results
2026-05-25 00:41:05,659 [75/715] 1990 Ford Ranger
2026-05-25 00:41:06,203   No results
2026-05-25 00:41:06,203 --- 0/75 ok | 75 reqs | 1443 total ---
2026-05-25 00:41:06,203 [76/715] 1995 Ford Bronco
2026-05-25 00:41:06,740   No results
2026-05-25 00:41:06,740 [77/715] 1994 Ford Bronco
2026-05-25 00:41:07,279   No results
2026-05-25 00:41:07,279 [78/715] 1993 Ford Bronco
2026-05-25 00:41:07,821   No results
2026-05-25 00:41:07,821 [79/715] 1992 Ford Bronco
2026-05-25 00:41:08,356   No results
2026-05-25 00:41:08,356 [80/715] 1991 Ford Bronco
2026-05-25 00:41:08,902   No results
2026-05-25 00:41:08,902 [81/715] 1990 Ford Bronco
2026-05-25 00:41:09,438   No results
2026-05-25 00:41:09,438 [82/715] 1995 Ford Taurus
2026-05-25 00:41:09,976   No results
2026-05-25 00:41:09,977 [83/715] 1994 Ford Taurus
2026-05-25 00:41:10,514   No results
2026-05-25 00:41:10,514 [84/715] 1993 Ford Taurus
2026-05-25 00:41:11,047   No results
2026-05-25 00:41:11,048 [85/715] 1992 Ford Taurus
2026-05-25 00:41:11,586   No results
2026-05-25 00:41:11,586 [86/715] 1991 Ford Taurus
2026-05-25 00:41:12,122   No results
2026-05-25 00:41:12,122 [87/715] 1990 Ford Taurus
2026-05-25 00:41:12,656   No results
2026-05-25 00:41:12,656 [88/715] 1995 Chevrolet C/K 1500
2026-05-25 00:41:13,195   No results
2026-05-25 00:41:13,195 [89/715] 1994 Chevrolet C/K 1500
2026-05-25 00:41:13,732   No results
2026-05-25 00:41:13,732 [90/715] 1993 Chevrolet C/K 1500
2026-05-25 00:41:14,270   No results
2026-05-25 00:41:14,270 [91/715] 1992 Chevrolet C/K 1500
2026-05-25 00:41:14,805   No results
2026-05-25 00:41:14,805 [92/715] 1991 Chevrolet C/K 1500
2026-05-25 00:41:15,340   No results
2026-05-25 00:41:15,340 [93/715] 1990 Chevrolet C/K 1500
2026-05-25 00:41:15,879   No results
2026-05-25 00:41:15,879 [94/715] 1995 Chevrolet Suburban
2026-05-25 00:41:16,421   No results
2026-05-25 00:41:16,421 [95/715] 1994 Chevrolet Suburban
2026-05-25 00:41:16,960   No results
2026-05-25 00:41:16,960 [96/715] 1993 Chevrolet Suburban
2026-05-25 00:41:17,494   No results
2026-05-25 00:41:17,494 [97/715] 1992 Chevrolet Suburban
2026-05-25 00:41:18,030   No results
2026-05-25 00:41:18,030 [98/715] 1995 Chevrolet Blazer
2026-05-25 00:41:18,570   No results
2026-05-25 00:41:18,570 [99/715] 1994 Chevrolet Blazer
2026-05-25 00:41:19,103   No results
2026-05-25 00:41:19,103 [100/715] 1993 Chevrolet Blazer
2026-05-25 00:41:19,642   No results
2026-05-25 00:41:19,642 --- 0/100 ok | 100 reqs | 1443 total ---
2026-05-25 00:41:19,642 [101/715] 1992 Chevrolet Blazer
2026-05-25 00:41:20,178   No results
2026-05-25 00:41:20,178 [102/715] 1995 Chevrolet Camaro
2026-05-25 00:41:20,713   No results
2026-05-25 00:41:20,713 [103/715] 1994 Chevrolet Camaro
2026-05-25 00:41:21,253   No results
2026-05-25 00:41:21,253 [104/715] 1993 Chevrolet Camaro
2026-05-25 00:41:21,790   No results
2026-05-25 00:41:21,790 [105/715] 1992 Chevrolet Camaro
2026-05-25 00:41:22,330   No results
2026-05-25 00:41:22,330 [106/715] 1991 Chevrolet Camaro
2026-05-25 00:41:22,868   No results
2026-05-25 00:41:22,868 [107/715] 1990 Chevrolet Camaro
2026-05-25 00:41:23,404   No results
2026-05-25 00:41:23,404 [108/715] 1995 Chevrolet Corvette
2026-05-25 00:41:23,942   No results
2026-05-25 00:41:23,942 [109/715] 1994 Chevrolet Corvette
2026-05-25 00:41:24,478   No results
2026-05-25 00:41:24,478 [110/715] 1993 Chevrolet Corvette
2026-05-25 00:41:25,017   No results
2026-05-25 00:41:25,017 [111/715] 1992 Chevrolet Corvette
2026-05-25 00:41:25,553   No results
2026-05-25 00:41:25,553 [112/715] 1991 Chevrolet Corvette
2026-05-25 00:41:26,088   No results
2026-05-25 00:41:26,088 [113/715] 1990 Chevrolet Corvette
2026-05-25 00:41:26,632   No results
2026-05-25 00:41:26,632 [114/715] 1995 Chevrolet S-10
2026-05-25 00:41:27,169   No results
2026-05-25 00:41:27,169 [115/715] 1994 Chevrolet S-10
2026-05-25 00:41:27,711   No results
2026-05-25 00:41:27,711 [116/715] 1993 Chevrolet S-10
2026-05-25 00:41:28,249   No results
2026-05-25 00:41:28,250 [117/715] 1992 Chevrolet S-10
2026-05-25 00:41:28,787   No results
2026-05-25 00:41:28,788 [118/715] 1995 Chevrolet Cavalier
2026-05-25 00:41:29,327   No results
2026-05-25 00:41:29,327 [119/715] 1994 Chevrolet Cavalier
2026-05-25 00:41:29,863   No results
2026-05-25 00:41:29,863 [120/715] 1993 Chevrolet Cavalier
2026-05-25 00:41:30,402   No results
2026-05-25 00:41:30,402 [121/715] 1992 Chevrolet Cavalier
2026-05-25 00:41:30,944   No results
2026-05-25 00:41:30,944 [122/715] 1995 GMC Sierra 1500
2026-05-25 00:41:31,478   No results
2026-05-25 00:41:31,479 [123/715] 1994 GMC Sierra 1500
2026-05-25 00:41:32,020   No results
2026-05-25 00:41:32,020 [124/715] 1993 GMC Sierra 1500
2026-05-25 00:41:32,554   No results
2026-05-25 00:41:32,555 [125/715] 1992 GMC Sierra 1500
2026-05-25 00:41:33,093   No results
2026-05-25 00:41:33,094 --- 0/125 ok | 125 reqs | 1443 total ---
2026-05-25 00:41:33,094 [126/715] 1995 GMC Yukon
2026-05-25 00:41:33,637   No results
2026-05-25 00:41:33,637 [127/715] 1994 GMC Yukon
2026-05-25 00:41:34,179   No results
2026-05-25 00:41:34,179 [128/715] 1993 GMC Yukon
2026-05-25 00:41:34,719   No results
2026-05-25 00:41:34,719 [129/715] 1995 GMC Jimmy
2026-05-25 00:41:35,253   No results
2026-05-25 00:41:35,253 [130/715] 1994 GMC Jimmy
2026-05-25 00:41:35,793   No results
2026-05-25 00:41:35,793 [131/715] 1993 GMC Jimmy
2026-05-25 00:41:36,330   No results
2026-05-25 00:41:36,330 [132/715] 1995 Nissan Altima
2026-05-25 00:41:36,865   No results
2026-05-25 00:41:36,865 [133/715] 1994 Nissan Altima
2026-05-25 00:41:37,402   No results
2026-05-25 00:41:37,402 [134/715] 1993 Nissan Altima
2026-05-25 00:41:37,940   No results
2026-05-25 00:41:37,940 [135/715] 1995 Nissan Sentra
2026-05-25 00:41:38,480   No results
2026-05-25 00:41:38,480 [136/715] 1994 Nissan Sentra
2026-05-25 00:41:39,014   No results
2026-05-25 00:41:39,014 [137/715] 1993 Nissan Sentra
2026-05-25 00:41:39,550   No results
2026-05-25 00:41:39,550 [138/715] 1992 Nissan Sentra
2026-05-25 00:41:40,090   No results
2026-05-25 00:41:40,090 [139/715] 1991 Nissan Sentra
2026-05-25 00:41:40,624   No results
2026-05-25 00:41:40,624 [140/715] 1990 Nissan Sentra
2026-05-25 00:41:41,164   No results
2026-05-25 00:41:41,164 [141/715] 1995 Nissan Pathfinder
2026-05-25 00:41:41,700   No results
2026-05-25 00:41:41,700 [142/715] 1994 Nissan Pathfinder
2026-05-25 00:41:42,235   No results
2026-05-25 00:41:42,235 [143/715] 1993 Nissan Pathfinder
2026-05-25 00:41:42,776   No results
2026-05-25 00:41:42,776 [144/715] 1992 Nissan Pathfinder
2026-05-25 00:41:43,313   No results
2026-05-25 00:41:43,313 [145/715] 1995 Nissan Maxima
2026-05-25 00:41:43,855   No results
2026-05-25 00:41:43,856 [146/715] 1994 Nissan Maxima
2026-05-25 00:41:44,393   No results
2026-05-25 00:41:44,393 [147/715] 1993 Nissan Maxima
2026-05-25 00:41:44,929   No results
2026-05-25 00:41:44,929 [148/715] 1995 Nissan 240SX
2026-05-25 00:41:45,472   No results
2026-05-25 00:41:45,472 [149/715] 1994 Nissan 240SX
2026-05-25 00:41:46,007   No results
2026-05-25 00:41:46,007 [150/715] 1993 Nissan 240SX
2026-05-25 00:41:46,547   No results
2026-05-25 00:41:46,547 --- 0/150 ok | 150 reqs | 1443 total ---
2026-05-25 00:41:46,547 [151/715] 1995 Dodge Ram 1500
2026-05-25 00:41:47,084   No results
2026-05-25 00:41:47,084 [152/715] 1994 Dodge Ram 1500
2026-05-25 00:41:47,620   No results
2026-05-25 00:41:47,620 [153/715] 1993 Dodge Ram 1500
2026-05-25 00:41:48,160   No results
2026-05-25 00:41:48,160 [154/715] 1992 Dodge Ram 1500
2026-05-25 00:41:48,696   No results
2026-05-25 00:41:48,696 [155/715] 1991 Dodge Ram 1500
2026-05-25 00:41:49,233   No results
2026-05-25 00:41:49,233 [156/715] 1990 Dodge Ram 1500
2026-05-25 00:41:49,776   No results
2026-05-25 00:41:49,776 [157/715] 1995 Dodge Caravan
2026-05-25 00:41:50,311   No results
2026-05-25 00:41:50,312 [158/715] 1994 Dodge Caravan
2026-05-25 00:41:50,851   No results
2026-05-25 00:41:50,851 [159/715] 1993 Dodge Caravan
2026-05-25 00:41:51,387   No results
2026-05-25 00:41:51,387 [160/715] 1992 Dodge Caravan
2026-05-25 00:41:51,929   No results
2026-05-25 00:41:51,929 [161/715] 1991 Dodge Caravan
2026-05-25 00:41:52,464   No results
2026-05-25 00:41:52,464 [162/715] 1990 Dodge Caravan
2026-05-25 00:41:52,999   No results
2026-05-25 00:41:52,999 [163/715] 1995 Dodge Dakota
2026-05-25 00:41:53,537   No results
2026-05-25 00:41:53,537 [164/715] 1994 Dodge Dakota
2026-05-25 00:41:54,072   No results
2026-05-25 00:41:54,072 [165/715] 1993 Dodge Dakota
2026-05-25 00:41:54,609   No results
2026-05-25 00:41:54,609 [166/715] 1995 Dodge Neon
2026-05-25 00:41:55,144   No results
2026-05-25 00:41:55,144 [167/715] 1994 Dodge Neon
2026-05-25 00:41:55,679   No results
2026-05-25 00:41:55,679 [168/715] 1995 Jeep Grand Cherokee
2026-05-25 00:41:56,220   No results
2026-05-25 00:41:56,221 [169/715] 1994 Jeep Grand Cherokee
2026-05-25 00:41:56,759   No results
2026-05-25 00:41:56,759 [170/715] 1993 Jeep Grand Cherokee
2026-05-25 00:41:57,300   No results
2026-05-25 00:41:57,300 [171/715] 1995 Jeep Wrangler
2026-05-25 00:41:57,840   No results
2026-05-25 00:41:57,840 [172/715] 1994 Jeep Wrangler
2026-05-25 00:41:58,375   No results
2026-05-25 00:41:58,375 [173/715] 1993 Jeep Wrangler
2026-05-25 00:41:58,918   No results
2026-05-25 00:41:58,918 [174/715] 1992 Jeep Wrangler
2026-05-25 00:41:59,452   No results
2026-05-25 00:41:59,452 [175/715] 1991 Jeep Wrangler
2026-05-25 00:41:59,990   No results
2026-05-25 00:41:59,990 --- 0/175 ok | 175 reqs | 1443 total ---
2026-05-25 00:41:59,991 [176/715] 1990 Jeep Wrangler
2026-05-25 00:42:00,532   No results
2026-05-25 00:42:00,532 [177/715] 1995 Jeep Cherokee
2026-05-25 00:42:01,067   No results
2026-05-25 00:42:01,067 [178/715] 1994 Jeep Cherokee
2026-05-25 00:42:01,607   No results
2026-05-25 00:42:01,607 [179/715] 1993 Jeep Cherokee
2026-05-25 00:42:02,141   No results
2026-05-25 00:42:02,141 [180/715] 1992 Jeep Cherokee
2026-05-25 00:42:02,677   No results
2026-05-25 00:42:02,677 [181/715] 1991 Jeep Cherokee
2026-05-25 00:42:03,214   No results
2026-05-25 00:42:03,215 [182/715] 1990 Jeep Cherokee
2026-05-25 00:42:03,748   No results
2026-05-25 00:42:03,748 [183/715] 1995 Subaru Legacy
2026-05-25 00:42:04,289   No results
2026-05-25 00:42:04,289 [184/715] 1994 Subaru Legacy
2026-05-25 00:42:04,822   No results
2026-05-25 00:42:04,822 [185/715] 1993 Subaru Legacy
2026-05-25 00:42:05,360   No results
2026-05-25 00:42:05,360 [186/715] 1992 Subaru Legacy
2026-05-25 00:42:05,900   No results
2026-05-25 00:42:05,900 [187/715] 1991 Subaru Legacy
2026-05-25 00:42:06,434   No results
2026-05-25 00:42:06,434 [188/715] 1990 Subaru Legacy
2026-05-25 00:42:06,976   No results
2026-05-25 00:42:06,976 [189/715] 1995 Subaru Impreza
2026-05-25 00:42:07,510   No results
2026-05-25 00:42:07,510 [190/715] 1994 Subaru Impreza
2026-05-25 00:42:08,049   No results
2026-05-25 00:42:08,049 [191/715] 1993 Subaru Impreza
2026-05-25 00:42:08,591   No results
2026-05-25 00:42:08,591 [192/715] 1995 Subaru SVX
2026-05-25 00:42:09,124   No results
2026-05-25 00:42:09,125 [193/715] 1994 Subaru SVX
2026-05-25 00:42:09,662   No results
2026-05-25 00:42:09,663 [194/715] 1993 Subaru SVX
2026-05-25 00:42:10,196   No results
2026-05-25 00:42:10,196 [195/715] 1995 BMW 325i
2026-05-25 00:42:10,734   No results
2026-05-25 00:42:10,734 [196/715] 1994 BMW 325i
2026-05-25 00:42:11,272   No results
2026-05-25 00:42:11,273 [197/715] 1993 BMW 325i
2026-05-25 00:42:11,807   No results
2026-05-25 00:42:11,807 [198/715] 1992 BMW 325i
2026-05-25 00:42:12,349   No results
2026-05-25 00:42:12,349 [199/715] 1991 BMW 325i
2026-05-25 00:42:12,884   No results
2026-05-25 00:42:12,884 [200/715] 1990 BMW 325i
2026-05-25 00:42:13,424   No results
2026-05-25 00:42:13,424 --- 0/200 ok | 200 reqs | 1443 total ---
2026-05-25 00:42:13,424 [201/715] 1995 BMW M3
2026-05-25 00:42:13,962   No results
2026-05-25 00:42:13,962 [202/715] 1994 BMW M3
2026-05-25 00:42:14,498   No results
2026-05-25 00:42:14,498 [203/715] 1995 BMW 530i
2026-05-25 00:42:15,039   No results
2026-05-25 00:42:15,039 [204/715] 1994 BMW 530i
2026-05-25 00:42:15,573   No results
2026-05-25 00:42:15,573 [205/715] 1993 BMW 530i
2026-05-25 00:42:16,110   No results
2026-05-25 00:42:16,110 [206/715] 1995 Acura Integra
2026-05-25 00:42:16,647   No results
2026-05-25 00:42:16,647 [207/715] 1994 Acura Integra
2026-05-25 00:42:17,181   No results
2026-05-25 00:42:17,181 [208/715] 1993 Acura Integra
2026-05-25 00:42:17,725   No results
2026-05-25 00:42:17,726 [209/715] 1992 Acura Integra
2026-05-25 00:42:18,260   No results
2026-05-25 00:42:18,260 [210/715] 1991 Acura Integra
2026-05-25 00:42:18,798   No results
2026-05-25 00:42:18,798 [211/715] 1990 Acura Integra
2026-05-25 00:42:19,339   No results
2026-05-25 00:42:19,340 [212/715] 1995 Acura Legend
2026-05-25 00:42:19,873   No results
2026-05-25 00:42:19,873 [213/715] 1994 Acura Legend
2026-05-25 00:42:20,412   No results
2026-05-25 00:42:20,412 [214/715] 1993 Acura Legend
2026-05-25 00:42:20,947   No results
2026-05-25 00:42:20,947 [215/715] 1992 Acura Legend
2026-05-25 00:42:21,486   No results
2026-05-25 00:42:21,486 [216/715] 1991 Acura Legend
2026-05-25 00:42:22,024   No results
2026-05-25 00:42:22,025 [217/715] 1990 Acura Legend
2026-05-25 00:42:22,560   No results
2026-05-25 00:42:22,560 [218/715] 1995 Acura NSX
2026-05-25 00:42:23,100   No results
2026-05-25 00:42:23,100 [219/715] 1994 Acura NSX
2026-05-25 00:42:23,637   No results
2026-05-25 00:42:23,637 [220/715] 1993 Acura NSX
2026-05-25 00:42:24,174   No results
2026-05-25 00:42:24,174 [221/715] 1995 Lexus ES 300
2026-05-25 00:42:24,714   No results
2026-05-25 00:42:24,714 [222/715] 1994 Lexus ES 300
2026-05-25 00:42:25,249   No results
2026-05-25 00:42:25,249 [223/715] 1993 Lexus ES 300
2026-05-25 00:42:25,789   No results
2026-05-25 00:42:25,789 [224/715] 1992 Lexus ES 300
2026-05-25 00:42:26,324   No results
2026-05-25 00:42:26,324 [225/715] 1991 Lexus ES 300
2026-05-25 00:42:26,863   No results
2026-05-25 00:42:26,863 --- 0/225 ok | 225 reqs | 1443 total ---
2026-05-25 00:42:26,863 [226/715] 1995 Lexus GS 300
2026-05-25 00:42:27,401   No results
2026-05-25 00:42:27,401 [227/715] 1994 Lexus GS 300
2026-05-25 00:42:27,940   No results
2026-05-25 00:42:27,940 [228/715] 1993 Lexus GS 300
2026-05-25 00:42:28,479   No results
2026-05-25 00:42:28,479 [229/715] 1995 Lexus LS 400
2026-05-25 00:42:29,013   No results
2026-05-25 00:42:29,014 [230/715] 1994 Lexus LS 400
2026-05-25 00:42:29,556   No results
2026-05-25 00:42:29,556 [231/715] 1993 Lexus LS 400
2026-05-25 00:42:30,092   No results
2026-05-25 00:42:30,092 [232/715] 1992 Lexus LS 400
2026-05-25 00:42:30,628   No results
2026-05-25 00:42:30,628 [233/715] 1991 Lexus LS 400
2026-05-25 00:42:31,166   No results
2026-05-25 00:42:31,166 [234/715] 1990 Lexus LS 400
2026-05-25 00:42:31,702   No results
2026-05-25 00:42:31,702 [235/715] 1995 Lexus SC 300
2026-05-25 00:42:32,239   No results
2026-05-25 00:42:32,239 [236/715] 1994 Lexus SC 300
2026-05-25 00:42:32,780   No results
2026-05-25 00:42:32,780 [237/715] 1993 Lexus SC 300
2026-05-25 00:42:33,313   No results
2026-05-25 00:42:33,314 [238/715] 1992 Lexus SC 300
2026-05-25 00:42:33,851   No results
2026-05-25 00:42:33,852 [239/715] 1995 Infiniti Q45
2026-05-25 00:42:34,389   No results
2026-05-25 00:42:34,389 [240/715] 1994 Infiniti Q45
2026-05-25 00:42:34,926   No results
2026-05-25 00:42:34,927 [241/715] 1993 Infiniti Q45
2026-05-25 00:42:35,464   No results
2026-05-25 00:42:35,464 [242/715] 1992 Infiniti Q45
2026-05-25 00:42:36,003   No results
2026-05-25 00:42:36,003 [243/715] 1991 Infiniti Q45
2026-05-25 00:42:36,541   No results
2026-05-25 00:42:36,541 [244/715] 1990 Infiniti Q45
2026-05-25 00:42:37,079   No results
2026-05-25 00:42:37,079 [245/715] 1995 Infiniti J30
2026-05-25 00:42:37,617   No results
2026-05-25 00:42:37,617 [246/715] 1994 Infiniti J30
2026-05-25 00:42:38,156   No results
2026-05-25 00:42:38,156 [247/715] 1993 Infiniti J30
2026-05-25 00:42:38,690   No results
2026-05-25 00:42:38,690 [248/715] 1995 Mercedes-Benz C-Class
2026-05-25 00:42:39,231   No results
2026-05-25 00:42:39,231 [249/715] 1994 Mercedes-Benz C-Class
2026-05-25 00:42:39,774   No results
2026-05-25 00:42:39,774 [250/715] 1993 Mercedes-Benz C-Class
2026-05-25 00:42:40,313   No results
2026-05-25 00:42:40,313 --- 0/250 ok | 250 reqs | 1443 total ---
2026-05-25 00:42:40,313 [251/715] 1995 Mercedes-Benz E-Class
2026-05-25 00:42:40,851   No results
2026-05-25 00:42:40,851 [252/715] 1994 Mercedes-Benz E-Class
2026-05-25 00:42:41,392   No results
2026-05-25 00:42:41,392 [253/715] 1993 Mercedes-Benz E-Class
2026-05-25 00:42:41,930   No results
2026-05-25 00:42:41,930 [254/715] 1995 Volkswagen Jetta
2026-05-25 00:42:42,467   No results
2026-05-25 00:42:42,467 [255/715] 1994 Volkswagen Jetta
2026-05-25 00:42:43,009   No results
2026-05-25 00:42:43,009 [256/715] 1993 Volkswagen Jetta
2026-05-25 00:42:43,549   No results
2026-05-25 00:42:43,549 [257/715] 1992 Volkswagen Jetta
2026-05-25 00:42:44,089   No results
2026-05-25 00:42:44,089 [258/715] 1995 Volkswagen Golf
2026-05-25 00:42:44,632   No results
2026-05-25 00:42:44,632 [259/715] 1994 Volkswagen Golf
2026-05-25 00:42:45,169   No results
2026-05-25 00:42:45,170 [260/715] 1993 Volkswagen Golf
2026-05-25 00:42:45,708   No results
2026-05-25 00:42:45,708 [261/715] 1992 Volkswagen Golf
2026-05-25 00:42:46,245   No results
2026-05-25 00:42:46,245 [262/715] 1995 Volkswagen Passat
2026-05-25 00:42:46,780   No results
2026-05-25 00:42:46,780 [263/715] 1994 Volkswagen Passat
2026-05-25 00:42:47,318   No results
2026-05-25 00:42:47,318 [264/715] 1995 Volkswagen Cabrio
2026-05-25 00:42:47,855   No results
2026-05-25 00:42:47,855 [265/715] 1994 Volkswagen Cabrio
2026-05-25 00:42:48,395   No results
2026-05-25 00:42:48,395 [266/715] 1995 Mazda 626
2026-05-25 00:42:48,935   No results
2026-05-25 00:42:48,935 [267/715] 1994 Mazda 626
2026-05-25 00:42:49,468   No results
2026-05-25 00:42:49,468 [268/715] 1993 Mazda 626
2026-05-25 00:42:50,009   No results
2026-05-25 00:42:50,009 [269/715] 1992 Mazda 626
2026-05-25 00:42:50,547   No results
2026-05-25 00:42:50,548 [270/715] 1991 Mazda 626
2026-05-25 00:42:51,086   No results
2026-05-25 00:42:51,086 [271/715] 1990 Mazda 626
2026-05-25 00:42:51,623   No results
2026-05-25 00:42:51,623 [272/715] 1995 Mazda Miata
2026-05-25 00:42:52,157   No results
2026-05-25 00:42:52,157 [273/715] 1994 Mazda Miata
2026-05-25 00:42:52,694   No results
2026-05-25 00:42:52,694 [274/715] 1993 Mazda Miata
2026-05-25 00:42:53,231   No results
2026-05-25 00:42:53,231 [275/715] 1992 Mazda Miata
2026-05-25 00:42:53,771   No results
2026-05-25 00:42:53,771 --- 0/275 ok | 275 reqs | 1443 total ---
2026-05-25 00:42:53,771 [276/715] 1991 Mazda Miata
2026-05-25 00:42:54,309   No results
2026-05-25 00:42:54,309 [277/715] 1990 Mazda Miata
2026-05-25 00:42:54,842   No results
2026-05-25 00:42:54,842 [278/715] 1995 Mazda Protege
2026-05-25 00:42:55,381   No results
2026-05-25 00:42:55,381 [279/715] 1994 Mazda Protege
2026-05-25 00:42:55,919   No results
2026-05-25 00:42:55,920 [280/715] 1993 Mazda Protege
2026-05-25 00:42:56,459   No results
2026-05-25 00:42:56,459 [281/715] 1995 Mazda MPV
2026-05-25 00:42:56,997   No results
2026-05-25 00:42:56,997 [282/715] 1994 Mazda MPV
2026-05-25 00:42:57,532   No results
2026-05-25 00:42:57,532 [283/715] 1995 Pontiac Firebird
2026-05-25 00:42:58,071   No results
2026-05-25 00:42:58,072 [284/715] 1994 Pontiac Firebird
2026-05-25 00:42:58,615   No results
2026-05-25 00:42:58,616 [285/715] 1993 Pontiac Firebird
2026-05-25 00:42:59,154   No results
2026-05-25 00:42:59,154 [286/715] 1992 Pontiac Firebird
2026-05-25 00:42:59,695   No results
2026-05-25 00:42:59,695 [287/715] 1995 Pontiac Grand Prix
2026-05-25 00:43:00,230   No results
2026-05-25 00:43:00,230 [288/715] 1994 Pontiac Grand Prix
2026-05-25 00:43:00,772   No results
2026-05-25 00:43:00,772 [289/715] 1993 Pontiac Grand Prix
2026-05-25 00:43:01,311   No results
2026-05-25 00:43:01,311 [290/715] 1992 Pontiac Grand Prix
2026-05-25 00:43:01,851   No results
2026-05-25 00:43:01,851 [291/715] 1995 Pontiac Grand Am
2026-05-25 00:43:02,388   No results
2026-05-25 00:43:02,388 [292/715] 1994 Pontiac Grand Am
2026-05-25 00:43:02,927   No results
2026-05-25 00:43:02,927 [293/715] 1993 Pontiac Grand Am
2026-05-25 00:43:03,466   No results
2026-05-25 00:43:03,466 [294/715] 1992 Pontiac Grand Am
2026-05-25 00:43:04,003   No results
2026-05-25 00:43:04,003 [295/715] 1995 Buick LeSabre
2026-05-25 00:43:04,539   No results
2026-05-25 00:43:04,539 [296/715] 1994 Buick LeSabre
2026-05-25 00:43:05,082   No results
2026-05-25 00:43:05,082 [297/715] 1993 Buick LeSabre
2026-05-25 00:43:05,618   No results
2026-05-25 00:43:05,618 [298/715] 1992 Buick LeSabre
2026-05-25 00:43:06,155   No results
2026-05-25 00:43:06,155 [299/715] 1995 Buick Riviera
2026-05-25 00:43:06,692   No results
2026-05-25 00:43:06,692 [300/715] 1994 Buick Riviera
2026-05-25 00:43:07,231   No results
2026-05-25 00:43:07,231 --- 0/300 ok | 300 reqs | 1443 total ---
2026-05-25 00:43:07,231 [301/715] 1995 Buick Regal
2026-05-25 00:43:07,769   No results
2026-05-25 00:43:07,769 [302/715] 1994 Buick Regal
2026-05-25 00:43:08,304   No results
2026-05-25 00:43:08,305 [303/715] 1993 Buick Regal
2026-05-25 00:43:08,842   No results
2026-05-25 00:43:08,842 [304/715] 1995 Oldsmobile Cutlass Supreme
2026-05-25 00:43:09,380   No results
2026-05-25 00:43:09,380 [305/715] 1994 Oldsmobile Cutlass Supreme
2026-05-25 00:43:09,918   No results
2026-05-25 00:43:09,918 [306/715] 1993 Oldsmobile Cutlass Supreme
2026-05-25 00:43:10,459   No results
2026-05-25 00:43:10,459 [307/715] 1995 Oldsmobile Aurora
2026-05-25 00:43:10,992   No results
2026-05-25 00:43:10,992 [308/715] 1994 Oldsmobile Aurora
2026-05-25 00:43:11,531   No results
2026-05-25 00:43:11,531 [309/715] 1995 Oldsmobile 88
2026-05-25 00:43:12,069   No results
2026-05-25 00:43:12,069 [310/715] 1994 Oldsmobile 88
2026-05-25 00:43:12,606   No results
2026-05-25 00:43:12,606 [311/715] 1993 Oldsmobile 88
2026-05-25 00:43:13,148   No results
2026-05-25 00:43:13,148 [312/715] 1995 Cadillac DeVille
2026-05-25 00:43:13,686   No results
2026-05-25 00:43:13,686 [313/715] 1994 Cadillac DeVille
2026-05-25 00:43:14,242   No results
2026-05-25 00:43:14,242 [314/715] 1993 Cadillac DeVille
2026-05-25 00:43:14,781   No results
2026-05-25 00:43:14,781 [315/715] 1992 Cadillac DeVille
2026-05-25 00:43:15,318   No results
2026-05-25 00:43:15,318 [316/715] 1995 Cadillac Seville
2026-05-25 00:43:15,855   No results
2026-05-25 00:43:15,856 [317/715] 1994 Cadillac Seville
2026-05-25 00:43:16,392   No results
2026-05-25 00:43:16,393 [318/715] 1993 Cadillac Seville
2026-05-25 00:43:16,932   No results
2026-05-25 00:43:16,932 [319/715] 1992 Cadillac Seville
2026-05-25 00:43:17,470   No results
2026-05-25 00:43:17,470 [320/715] 1995 Lincoln Town Car
2026-05-25 00:43:18,006   No results
2026-05-25 00:43:18,007 [321/715] 1994 Lincoln Town Car
2026-05-25 00:43:18,545   No results
2026-05-25 00:43:18,545 [322/715] 1993 Lincoln Town Car
2026-05-25 00:43:19,082   No results
2026-05-25 00:43:19,082 [323/715] 1992 Lincoln Town Car
2026-05-25 00:43:19,625   No results
2026-05-25 00:43:19,625 [324/715] 1995 Lincoln Continental
2026-05-25 00:43:20,165   No results
2026-05-25 00:43:20,165 [325/715] 1994 Lincoln Continental
2026-05-25 00:43:20,703   No results
2026-05-25 00:43:20,703 --- 0/325 ok | 325 reqs | 1443 total ---
2026-05-25 00:43:20,703 [326/715] 1995 Mercury Grand Marquis
2026-05-25 00:43:21,239   No results
2026-05-25 00:43:21,239 [327/715] 1994 Mercury Grand Marquis
2026-05-25 00:43:21,773   No results
2026-05-25 00:43:21,773 [328/715] 1993 Mercury Grand Marquis
2026-05-25 00:43:22,316   No results
2026-05-25 00:43:22,316 [329/715] 1995 Chrysler LeBaron
2026-05-25 00:43:22,854   No results
2026-05-25 00:43:22,854 [330/715] 1994 Chrysler LeBaron
2026-05-25 00:43:23,390   No results
2026-05-25 00:43:23,390 [331/715] 1995 Chrysler Town & Country
2026-05-25 00:43:23,929   No results
2026-05-25 00:43:23,929 [332/715] 1994 Chrysler Town & Country
2026-05-25 00:43:24,465   No results
2026-05-25 00:43:24,465 [333/715] 1993 Chrysler Town & Country
2026-05-25 00:43:25,010   No results
2026-05-25 00:43:25,010 [334/715] 1995 Mitsubishi Eclipse
2026-05-25 00:43:25,547   No results
2026-05-25 00:43:25,547 [335/715] 1994 Mitsubishi Eclipse
2026-05-25 00:43:26,090   No results
2026-05-25 00:43:26,090 [336/715] 1993 Mitsubishi Eclipse
2026-05-25 00:43:26,628   No results
2026-05-25 00:43:26,628 [337/715] 1992 Mitsubishi Eclipse
2026-05-25 00:43:27,163   No results
2026-05-25 00:43:27,163 [338/715] 1995 Mitsubishi Galant
2026-05-25 00:43:27,704   No results
2026-05-25 00:43:27,704 [339/715] 1994 Mitsubishi Galant
2026-05-25 00:43:28,240   No results
2026-05-25 00:43:28,240 [340/715] 1993 Mitsubishi Galant
2026-05-25 00:43:28,783   No results
2026-05-25 00:43:28,783 [341/715] 1992 Mitsubishi Galant
2026-05-25 00:43:29,322   No results
2026-05-25 00:43:29,322 [342/715] 1995 Mitsubishi 3000GT
2026-05-25 00:43:29,858   No results
2026-05-25 00:43:29,858 [343/715] 1994 Mitsubishi 3000GT
2026-05-25 00:43:30,398   No results
2026-05-25 00:43:30,398 [344/715] 1993 Mitsubishi 3000GT
2026-05-25 00:43:30,947   No results
2026-05-25 00:43:30,947 [345/715] 1992 Mitsubishi 3000GT
2026-05-25 00:43:31,488   No results
2026-05-25 00:43:31,489 [346/715] 1995 Isuzu Rodeo
2026-05-25 00:43:32,029   No results
2026-05-25 00:43:32,029 [347/715] 1994 Isuzu Rodeo
2026-05-25 00:43:32,562   No results
2026-05-25 00:43:32,562 [348/715] 1993 Isuzu Rodeo
2026-05-25 00:43:33,100   No results
2026-05-25 00:43:33,100 [349/715] 1995 Isuzu Trooper
2026-05-25 00:43:33,640   No results
2026-05-25 00:43:33,640 [350/715] 1994 Isuzu Trooper
2026-05-25 00:43:34,182   No results
2026-05-25 00:43:34,183 --- 0/350 ok | 350 reqs | 1443 total ---
2026-05-25 00:43:34,183 [351/715] 1993 Isuzu Trooper
2026-05-25 00:43:34,719   No results
2026-05-25 00:43:34,719 [352/715] 1995 Suzuki Sidekick
2026-05-25 00:43:35,253   No results
2026-05-25 00:43:35,253 [353/715] 1994 Suzuki Sidekick
2026-05-25 00:43:35,792   No results
2026-05-25 00:43:35,792 [354/715] 1993 Suzuki Sidekick
2026-05-25 00:43:36,330   No results
2026-05-25 00:43:36,330 [355/715] 1992 Suzuki Sidekick
2026-05-25 00:43:36,870   No results
2026-05-25 00:43:36,870 [356/715] 1995 Land Rover Range Rover
2026-05-25 00:43:37,409   No results
2026-05-25 00:43:37,409 [357/715] 1994 Land Rover Range Rover
2026-05-25 00:43:37,943   No results
2026-05-25 00:43:37,943 [358/715] 1993 Land Rover Range Rover
2026-05-25 00:43:38,489   No results
2026-05-25 00:43:38,490 [359/715] 1992 Land Rover Range Rover
2026-05-25 00:43:39,027   No results
2026-05-25 00:43:39,028 [360/715] 1995 Land Rover Discovery
2026-05-25 00:43:39,565   No results
2026-05-25 00:43:39,565 [361/715] 1994 Land Rover Discovery
2026-05-25 00:43:40,103   No results
2026-05-25 00:43:40,103 [362/715] 1993 Land Rover Discovery
2026-05-25 00:43:40,637   No results
2026-05-25 00:43:40,637 [363/715] 1995 Volvo 850
2026-05-25 00:43:41,176   No results
2026-05-25 00:43:41,176 [364/715] 1994 Volvo 850
2026-05-25 00:43:41,716   No results
2026-05-25 00:43:41,716 [365/715] 1993 Volvo 850
2026-05-25 00:43:42,254   No results
2026-05-25 00:43:42,254 [366/715] 1995 Volvo 940
2026-05-25 00:43:42,793   No results
2026-05-25 00:43:42,793 [367/715] 1994 Volvo 940
2026-05-25 00:43:43,328   No results
2026-05-25 00:43:43,328 [368/715] 1993 Volvo 940
2026-05-25 00:43:43,869   No results
2026-05-25 00:43:43,869 [369/715] 1992 Volvo 940
2026-05-25 00:43:44,406   No results
2026-05-25 00:43:44,406 [370/715] 1991 Volvo 940
2026-05-25 00:43:44,945   No results
2026-05-25 00:43:44,945 [371/715] 1990 Volvo 940
2026-05-25 00:43:45,483   No results
2026-05-25 00:43:45,483 [372/715] 1995 Saab 900
2026-05-25 00:43:46,018   No results
2026-05-25 00:43:46,018 [373/715] 1994 Saab 900
2026-05-25 00:43:46,561   No results
2026-05-25 00:43:46,561 [374/715] 1993 Saab 900
2026-05-25 00:43:47,103   No results
2026-05-25 00:43:47,103 [375/715] 1992 Saab 900
2026-05-25 00:43:47,641   No results
2026-05-25 00:43:47,641 --- 0/375 ok | 375 reqs | 1443 total ---
2026-05-25 00:43:47,641 [376/715] 1991 Saab 900
2026-05-25 00:43:48,181   No results
2026-05-25 00:43:48,181 [377/715] 1990 Saab 900
2026-05-25 00:43:48,716   No results
2026-05-25 00:43:48,716 [378/715] 1995 Saab 9000
2026-05-25 00:43:49,253   No results
2026-05-25 00:43:49,253 [379/715] 1994 Saab 9000
2026-05-25 00:43:49,789   No results
2026-05-25 00:43:49,789 [380/715] 1993 Saab 9000
2026-05-25 00:43:50,327   No results
2026-05-25 00:43:50,327 [381/715] 1995 Audi A4
2026-05-25 00:43:50,863   No results
2026-05-25 00:43:50,863 [382/715] 1995 Audi A6
2026-05-25 00:43:51,397   No results
2026-05-25 00:43:51,398 [383/715] 1994 Audi A6
2026-05-25 00:43:51,940   No results
2026-05-25 00:43:51,941 [384/715] 1993 Audi A6
2026-05-25 00:43:52,479   No results
2026-05-25 00:43:52,479 [385/715] 1992 Audi A6
2026-05-25 00:43:53,017   No results
2026-05-25 00:43:53,017 [386/715] 1995 Porsche 911
2026-05-25 00:43:53,558   No results
2026-05-25 00:43:53,558 [387/715] 1994 Porsche 911
2026-05-25 00:43:54,096   No results
2026-05-25 00:43:54,096 [388/715] 1993 Porsche 911
2026-05-25 00:43:54,636   No results
2026-05-25 00:43:54,636 [389/715] 1992 Porsche 911
2026-05-25 00:43:55,172   No results
2026-05-25 00:43:55,173 [390/715] 1991 Porsche 911
2026-05-25 00:43:55,710   No results
2026-05-25 00:43:55,711 [391/715] 1990 Porsche 911
2026-05-25 00:43:56,249   No results
2026-05-25 00:43:56,249 [392/715] 1995 Porsche 968
2026-05-25 00:43:56,787   No results
2026-05-25 00:43:56,787 [393/715] 1994 Porsche 968
2026-05-25 00:43:57,328   No results
2026-05-25 00:43:57,328 [394/715] 1995 Hyundai Elantra
2026-05-25 00:43:57,865   No results
2026-05-25 00:43:57,865 [395/715] 1994 Hyundai Elantra
2026-05-25 00:43:58,403   No results
2026-05-25 00:43:58,403 [396/715] 1993 Hyundai Elantra
2026-05-25 00:43:58,941   No results
2026-05-25 00:43:58,941 [397/715] 1992 Hyundai Elantra
2026-05-25 00:43:59,640   No results
2026-05-25 00:43:59,640 [398/715] 1995 Hyundai Sonata
2026-05-25 00:44:00,386   No results
2026-05-25 00:44:00,386 [399/715] 1994 Hyundai Sonata
2026-05-25 00:44:01,036   No results
2026-05-25 00:44:01,036 [400/715] 1993 Hyundai Sonata
2026-05-25 00:44:01,584   No results
2026-05-25 00:44:01,585 --- 0/400 ok | 400 reqs | 1443 total ---
2026-05-25 00:44:01,585 [401/715] 1992 Hyundai Sonata
2026-05-25 00:44:02,130   No results
2026-05-25 00:44:02,130 [402/715] 1995 Hyundai Accent
2026-05-25 00:44:02,684   No results
2026-05-25 00:44:02,684 [403/715] 1994 Hyundai Accent
2026-05-25 00:44:03,227   No results
2026-05-25 00:44:03,227 [404/715] 1995 Kia Sephia
2026-05-25 00:44:03,777   No results
2026-05-25 00:44:03,777 [405/715] 1994 Kia Sephia
2026-05-25 00:44:04,329   No results
2026-05-25 00:44:04,329 [406/715] 2020 MINI Cooper S
2026-05-25 00:44:04,871   No results
2026-05-25 00:44:04,872 [407/715] 2021 MINI Cooper S
2026-05-25 00:44:05,432   No results
2026-05-25 00:44:05,432 [408/715] 2022 MINI Cooper S
2026-05-25 00:44:05,982   No results
2026-05-25 00:44:05,982 [409/715] 2020 MINI Cooper SE
2026-05-25 00:44:06,531   No results
2026-05-25 00:44:06,532 [410/715] 2021 MINI Cooper SE
2026-05-25 00:44:07,082   No results
2026-05-25 00:44:07,082 [411/715] 2020 MINI Clubman
2026-05-25 00:44:07,638   -> ID 161 | None
2026-05-25 00:44:17,910 [412/715] 2021 MINI Clubman
2026-05-25 00:44:18,463   -> ID 1660 | None
2026-05-25 00:44:28,235 [413/715] 2022 MINI Clubman
2026-05-25 00:44:28,795   -> ID 3164 | None
2026-05-25 00:44:38,465 [414/715] 2018 MINI Countryman
2026-05-25 00:44:39,022   -> ID 32584 | None
2026-05-25 00:44:48,627 [415/715] 2019 MINI Countryman
2026-05-25 00:44:49,184   -> ID 33916 | None
2026-05-25 00:44:58,722 [416/715] 2020 Fiat 500X
2026-05-25 00:44:59,274   -> ID 657 | None
2026-05-25 00:45:08,896 [417/715] 2021 Fiat 500X
2026-05-25 00:45:09,456   -> ID 2152 | None
2026-05-25 00:45:19,033 [418/715] 2022 Fiat 500X
2026-05-25 00:45:19,586   -> ID 3681 | None
2026-05-25 00:45:29,126 [419/715] 2020 Fiat 500L
2026-05-25 00:45:29,676   -> ID 656 | None
2026-05-25 00:45:39,248 [420/715] 2021 Fiat 500L
2026-05-25 00:45:39,793   No results
2026-05-25 00:45:39,793 [421/715] 2019 Fiat 124 Spider
2026-05-25 00:45:40,349   -> ID 34346 | None
2026-05-25 00:45:49,927 [422/715] 2020 Fiat 124 Spider
2026-05-25 00:45:50,482   -> ID 658 | None
2026-05-25 00:46:00,067 [423/715] 2018 Fiat 500
2026-05-25 00:46:00,616   -> ID 33001 | None
2026-05-25 00:46:10,201 [424/715] 2019 Fiat 500
2026-05-25 00:46:10,757   -> ID 34344 | None
2026-05-25 00:46:20,302 [425/715] 2020 Fiat 500
2026-05-25 00:46:20,853   No results
2026-05-25 00:46:20,854 --- 13/425 ok | 594 reqs | 1456 total ---
2026-05-25 00:46:20,854 [426/715] 2020 Jaguar F-Pace
2026-05-25 00:46:21,404   -> ID 11 | None
2026-05-25 00:46:30,996 [427/715] 2021 Jaguar F-Pace
2026-05-25 00:46:31,555   -> ID 1510 | None
2026-05-25 00:46:41,166 [428/715] 2022 Jaguar F-Pace
2026-05-25 00:46:41,722   -> ID 3020 | None
2026-05-25 00:46:51,586 [429/715] 2020 Jaguar XE
2026-05-25 00:46:52,138   -> ID 10 | None
2026-05-25 00:47:01,781 [430/715] 2021 Jaguar XE
2026-05-25 00:47:02,329   -> ID 1509 | None
2026-05-25 00:47:11,959 [431/715] 2020 Jaguar XF
2026-05-25 00:47:12,512   -> ID 8 | None
2026-05-25 00:47:22,257 [432/715] 2021 Jaguar XF
2026-05-25 00:47:22,809   -> ID 1507 | None
2026-05-25 00:47:32,423 [433/715] 2020 Jaguar E-Pace
2026-05-25 00:47:32,972   -> ID 12 | None
2026-05-25 00:47:42,583 [434/715] 2021 Jaguar E-Pace
2026-05-25 00:47:43,135   -> ID 1511 | None
2026-05-25 00:47:52,840 [435/715] 2020 Jaguar I-Pace
2026-05-25 00:47:53,398   -> ID 13 | None
2026-05-25 00:48:02,995 [436/715] 2021 Jaguar I-Pace
2026-05-25 00:48:03,553   -> ID 1512 | None
2026-05-25 00:48:13,150 [437/715] 2022 Jaguar I-Pace
2026-05-25 00:48:13,707   -> ID 3022 | None
2026-05-25 00:48:23,282 [438/715] 2020 McLaren 720S
2026-05-25 00:48:23,842   -> ID 1100 | None
2026-05-25 00:48:33,430 [439/715] 2021 McLaren 720S
2026-05-25 00:48:33,978   -> ID 2592 | None
2026-05-25 00:48:43,792 [440/715] 2020 McLaren GT
2026-05-25 00:48:44,338   -> ID 1103 | None
2026-05-25 00:48:53,938 [441/715] 2021 McLaren GT
2026-05-25 00:48:54,486   -> ID 2595 | None
2026-05-25 00:49:04,638 [442/715] 2021 McLaren 765LT
2026-05-25 00:49:05,185   No results
2026-05-25 00:49:05,185 [443/715] 2020 Rolls-Royce Ghost
2026-05-25 00:49:05,738   -> ID 19 | None
2026-05-25 00:49:15,326 [444/715] 2021 Rolls-Royce Ghost
2026-05-25 00:49:15,891   -> ID 1518 | None
2026-05-25 00:49:25,429 [445/715] 2020 Rolls-Royce Cullinan
2026-05-25 00:49:26,015   -> ID 22 | None
2026-05-25 00:49:35,577 [446/715] 2021 Rolls-Royce Cullinan
2026-05-25 00:49:36,131   -> ID 1521 | None
2026-05-25 00:49:45,709 [447/715] 2020 Aston Martin Vantage
2026-05-25 00:49:46,269   -> ID 3 | None
2026-05-25 00:49:55,859 [448/715] 2021 Aston Martin Vantage
2026-05-25 00:49:56,414   -> ID 1501 | None
2026-05-25 00:50:05,622 [449/715] 2020 Aston Martin DB11
2026-05-25 00:50:06,178   -> ID 2 | None
2026-05-25 00:50:15,375 [450/715] 2021 Aston Martin DB11
2026-05-25 00:50:15,927   -> ID 1500 | None
2026-05-25 00:50:25,109 --- 37/450 ok | 931 reqs | 1480 total ---
2026-05-25 00:50:25,109 [451/715] 2020 Aston Martin DBX
2026-05-25 00:50:25,658   No results
2026-05-25 00:50:25,658 [452/715] 2021 Aston Martin DBX
2026-05-25 00:50:26,215   -> ID 1502 | None
2026-05-25 00:50:35,427 [453/715] 2022 Aston Martin DBX
2026-05-25 00:50:35,979   -> ID 3013 | None
2026-05-25 00:50:45,150 [454/715] 2005 Lexus RX 330
2026-05-25 00:50:45,699   No results
2026-05-25 00:50:45,699 [455/715] 2004 Lexus RX 330
2026-05-25 00:50:46,253   No results
2026-05-25 00:50:46,253 [456/715] 2003 Lexus RX 300
2026-05-25 00:50:46,807   No results
2026-05-25 00:50:46,807 [457/715] 2005 Lexus ES 330
2026-05-25 00:50:47,365   No results
2026-05-25 00:50:47,365 [458/715] 2004 Lexus ES 330
2026-05-25 00:50:47,916   No results
2026-05-25 00:50:47,916 [459/715] 2003 Lexus ES 300
2026-05-25 00:50:48,471   No results
2026-05-25 00:50:48,471 [460/715] 2005 Lexus IS 300
2026-05-25 00:50:49,022   No results
2026-05-25 00:50:49,022 [461/715] 2004 Lexus IS 300
2026-05-25 00:50:49,572   No results
2026-05-25 00:50:49,572 [462/715] 2003 Lexus IS 300
2026-05-25 00:50:50,121   No results
2026-05-25 00:50:50,121 [463/715] 2006 Lexus IS 250
2026-05-25 00:50:50,678   No results
2026-05-25 00:50:50,678 [464/715] 2007 Lexus IS 250
2026-05-25 00:50:51,232   No results
2026-05-25 00:50:51,233 [465/715] 2008 Lexus IS 250
2026-05-25 00:50:51,790   No results
2026-05-25 00:50:51,791 [466/715] 2005 Lexus GS 300
2026-05-25 00:50:52,340   No results
2026-05-25 00:50:52,340 [467/715] 2004 Lexus GS 300
2026-05-25 00:50:52,890   No results
2026-05-25 00:50:52,890 [468/715] 2003 Lexus GS 300
2026-05-25 00:50:53,441   No results
2026-05-25 00:50:53,441 [469/715] 2000 Lexus LS 400
2026-05-25 00:50:53,997   No results
2026-05-25 00:50:53,997 [470/715] 1999 Lexus LS 400
2026-05-25 00:50:54,544   No results
2026-05-25 00:50:54,544 [471/715] 1998 Lexus LS 400
2026-05-25 00:50:55,093   No results
2026-05-25 00:50:55,094 [472/715] 2005 Infiniti G35
2026-05-25 00:50:55,649   -> ID 18254 | None
2026-05-25 00:51:05,248 [473/715] 2004 Infiniti G35
2026-05-25 00:51:05,799   -> ID 17254 | None
2026-05-25 00:51:15,374 [474/715] 2003 Infiniti G35
2026-05-25 00:51:15,927   -> ID 16282 | None
2026-05-25 00:51:25,504 [475/715] 2006 Infiniti G35
2026-05-25 00:51:26,082   -> ID 19248 | None
2026-05-25 00:51:35,651 --- 43/475 ok | 1034 reqs | 1486 total ---
2026-05-25 00:51:35,651 [476/715] 2007 Infiniti G35
2026-05-25 00:51:36,203   -> ID 20267 | None
2026-05-25 00:51:45,787 [477/715] 2008 Infiniti G35
2026-05-25 00:51:46,384   -> ID 21341 | None
2026-05-25 00:51:55,959 [478/715] 2005 Infiniti FX35
2026-05-25 00:51:56,512   -> ID 18256 | None
2026-05-25 00:52:06,145 [479/715] 2004 Infiniti FX35
2026-05-25 00:52:06,695   -> ID 17258 | None
2026-05-25 00:52:16,297 [480/715] 2003 Infiniti FX35
2026-05-25 00:52:16,854   -> ID 16286 | None
2026-05-25 00:52:26,461 [481/715] 2005 Infiniti M45
2026-05-25 00:52:27,011   No results
2026-05-25 00:52:27,011 [482/715] 2006 Infiniti M35
2026-05-25 00:52:27,569   -> ID 19250 | None
2026-05-25 00:52:37,122 [483/715] 2005 Acura TSX
2026-05-25 00:52:37,681   -> ID 18215 | None
2026-05-25 00:52:47,193 [484/715] 2004 Acura TSX
2026-05-25 00:52:47,747   -> ID 17209 | None
2026-05-25 00:52:57,276 [485/715] 2006 Acura TSX
2026-05-25 00:52:57,830   -> ID 19209 | None
2026-05-25 00:53:07,383 [486/715] 2007 Acura TSX
2026-05-25 00:53:07,936   -> ID 20229 | None
2026-05-25 00:53:17,459 [487/715] 2008 Acura TSX
2026-05-25 00:53:18,014   -> ID 21303 | None
2026-05-25 00:53:27,573 [488/715] 2005 Acura TL
2026-05-25 00:53:28,127   -> ID 18214 | None
2026-05-25 00:53:37,779 [489/715] 2004 Acura TL
2026-05-25 00:53:38,334   -> ID 17208 | None
2026-05-25 00:53:47,867 [490/715] 2006 Acura TL
2026-05-25 00:53:48,424   -> ID 19208 | None
2026-05-25 00:53:57,944 [491/715] 2003 Acura TL
2026-05-25 00:53:58,496   -> ID 16223 | None
2026-05-25 00:54:08,533 [492/715] 2002 Acura TL
2026-05-25 00:54:08,534   SKIP
2026-05-25 00:54:08,534 [493/715] 2005 Acura MDX
2026-05-25 00:54:09,076   -> ID 11127 | None
2026-05-25 00:54:18,607 [494/715] 2004 Acura MDX
2026-05-25 00:54:19,145   -> ID 11075 | None
2026-05-25 00:54:28,638 [495/715] 2003 Acura MDX
2026-05-25 00:54:29,183   -> ID 11032 | None
2026-05-25 00:54:38,719 [496/715] 2005 Cadillac CTS
2026-05-25 00:54:39,261   -> ID 18104 | None
2026-05-25 00:54:48,656 [497/715] 2004 Cadillac CTS
2026-05-25 00:54:49,197   -> ID 17090 | None
2026-05-25 00:54:58,567 [498/715] 2003 Cadillac CTS
2026-05-25 00:54:59,112   -> ID 16118 | None
2026-05-25 00:55:08,532 [499/715] 2006 Cadillac CTS
2026-05-25 00:55:09,075   -> ID 19089 | None
2026-05-25 00:55:18,488 [500/715] 2007 Cadillac CTS
2026-05-25 00:55:19,032   -> ID 20103 | None
2026-05-25 00:55:28,401 --- 67/500 ok | 1357 reqs | 1509 total ---
2026-05-25 00:55:28,401 [501/715] 2008 Cadillac CTS
2026-05-25 00:55:28,947   -> ID 21165 | None
2026-05-25 00:55:38,300 [502/715] 2005 Cadillac STS
2026-05-25 00:55:38,844   -> ID 18107 | None
2026-05-25 00:55:48,247 [503/715] 2006 Cadillac STS
2026-05-25 00:55:48,789   -> ID 19092 | None
2026-05-25 00:55:58,137 [504/715] 2007 Cadillac STS
2026-05-25 00:55:58,680   -> ID 20105 | None
2026-05-25 00:56:08,018 [505/715] 2005 Cadillac SRX
2026-05-25 00:56:08,562   -> ID 18106 | None
2026-05-25 00:56:17,915 [506/715] 2006 Cadillac SRX
2026-05-25 00:56:18,457   -> ID 19091 | None
2026-05-25 00:56:27,805 [507/715] 2007 Cadillac SRX
2026-05-25 00:56:28,351   -> ID 20104 | None
2026-05-25 00:56:37,695 [508/715] 2005 Cadillac Escalade
2026-05-25 00:56:38,236   -> ID 18105 | None
2026-05-25 00:56:47,627 [509/715] 2004 Cadillac Escalade
2026-05-25 00:56:48,171   -> ID 17091 | None
2026-05-25 00:56:57,608 [510/715] 2003 Cadillac Escalade
2026-05-25 00:56:58,154   -> ID 16119 | None
2026-05-25 00:57:07,560 [511/715] 2005 Lincoln Town Car
2026-05-25 00:57:08,103   -> ID 18042 | None
2026-05-25 00:57:17,477 [512/715] 2004 Lincoln Town Car
2026-05-25 00:57:18,024   -> ID 17028 | None
2026-05-25 00:57:27,372 [513/715] 2003 Lincoln Town Car
2026-05-25 00:57:27,915   -> ID 16064 | None
2026-05-25 00:57:37,304 [514/715] 2006 Lincoln Town Car
2026-05-25 00:57:37,845   -> ID 19031 | None
2026-05-25 00:57:47,184 [515/715] 2005 Lincoln Navigator
2026-05-25 00:57:47,728   -> ID 18044 | None
2026-05-25 00:57:57,124 [516/715] 2004 Lincoln Navigator
2026-05-25 00:57:57,665   -> ID 17030 | None
2026-05-25 00:58:07,037 [517/715] 2003 Lincoln Navigator
2026-05-25 00:58:07,583   -> ID 16066 | None
2026-05-25 00:58:16,986 [518/715] 2005 Lincoln LS
2026-05-25 00:58:17,531   -> ID 18045 | None
2026-05-25 00:58:26,907 [519/715] 2004 Lincoln LS
2026-05-25 00:58:27,452   -> ID 17031 | None
2026-05-25 00:58:36,838 [520/715] 2003 Lincoln LS
2026-05-25 00:58:37,379   -> ID 16067 | None
2026-05-25 00:58:46,716 [521/715] 2005 Dodge Magnum
2026-05-25 00:58:47,263   -> ID 18227 | None
2026-05-25 00:58:56,660 [522/715] 2006 Dodge Magnum
2026-05-25 00:58:57,202   -> ID 19221 | None
2026-05-25 00:59:06,916 [523/715] 2007 Dodge Magnum
2026-05-25 00:59:07,460   -> ID 20243 | None
2026-05-25 00:59:16,839 [524/715] 2005 Dodge Charger
2026-05-25 00:59:17,379   No results
2026-05-25 00:59:17,379 [525/715] 2006 Dodge Charger
2026-05-25 00:59:17,379   SKIP
2026-05-25 00:59:17,380 --- 91/525 ok | 1680 reqs | 1532 total ---
2026-05-25 00:59:17,380 [526/715] 2007 Dodge Charger
2026-05-25 00:59:17,921   -> ID 11282 | 5.7L Hemi
2026-05-25 00:59:27,480 [527/715] 2008 Dodge Charger
2026-05-25 00:59:28,029   -> ID 11366 | 5.7L Hemi
2026-05-25 00:59:37,595 [528/715] 2009 Dodge Charger
2026-05-25 00:59:38,142   -> ID 11455 | 5.7L Hemi
2026-05-25 00:59:47,703 [529/715] 2010 Dodge Charger
2026-05-25 00:59:48,249   -> ID 11549 | 5.7L Hemi
2026-05-25 00:59:57,812 [530/715] 2005 Chrysler 300
2026-05-25 00:59:58,356   -> ID 11138 | 5.7L Hemi
2026-05-25 01:00:07,934 [531/715] 2006 Chrysler 300
2026-05-25 01:00:08,484   -> ID 11205 | 5.7L Hemi
2026-05-25 01:00:18,093 [532/715] 2007 Chrysler 300
2026-05-25 01:00:18,633   -> ID 11280 | 5.7L Hemi
2026-05-25 01:00:28,163 [533/715] 2008 Chrysler 300
2026-05-25 01:00:28,707   -> ID 11362 | 5.7L Hemi
2026-05-25 01:00:38,281 [534/715] 2009 Chrysler 300
2026-05-25 01:00:38,824   -> ID 11452 | 5.7L Hemi
2026-05-25 01:00:48,417 [535/715] 2010 Chrysler 300
2026-05-25 01:00:48,960   -> ID 11546 | 5.7L Hemi
2026-05-25 01:00:58,552 [536/715] 2005 Ford Mustang GT
2026-05-25 01:00:59,090   No results
2026-05-25 01:00:59,091 [537/715] 2006 Ford Mustang GT
2026-05-25 01:00:59,630   No results
2026-05-25 01:00:59,630 [538/715] 2007 Ford Mustang GT
2026-05-25 01:01:00,172   No results
2026-05-25 01:01:00,172 [539/715] 2008 Ford Mustang GT
2026-05-25 01:01:00,713   No results
2026-05-25 01:01:00,713 [540/715] 2007 Ford Mustang Shelby GT500
2026-05-25 01:01:01,252   No results
2026-05-25 01:01:01,252 [541/715] 2008 Ford Mustang Shelby GT500
2026-05-25 01:01:01,792   No results
2026-05-25 01:01:01,793 [542/715] 2005 Chevrolet Corvette
2026-05-25 01:01:02,336   -> ID 11132 | None
2026-05-25 01:01:11,919 [543/715] 2006 Chevrolet Corvette
2026-05-25 01:01:12,460   -> ID 11199 | None
2026-05-25 01:01:22,013 [544/715] 2007 Chevrolet Corvette
2026-05-25 01:01:22,555   -> ID 11274 | None
2026-05-25 01:01:32,068 [545/715] 2008 Chevrolet Corvette
2026-05-25 01:01:32,611   -> ID 11356 | None
2026-05-25 01:01:42,133 [546/715] 2009 Chevrolet Corvette
2026-05-25 01:01:42,671   -> ID 11444 | None
2026-05-25 01:01:52,434 [547/715] 2010 Chevrolet Corvette
2026-05-25 01:01:52,975   -> ID 11538 | None
2026-05-25 01:02:02,523 [548/715] 2005 Chevrolet Camaro
2026-05-25 01:02:03,068   No results
2026-05-25 01:02:03,068 [549/715] 2010 Chevrolet Camaro
2026-05-25 01:02:03,608   -> ID 11535 | 6.2L V8
2026-05-25 01:02:13,205 [550/715] 2011 Chevrolet Camaro
2026-05-25 01:02:13,753   -> ID 11633 | 6.2L V8
2026-05-25 01:02:23,634 --- 109/550 ok | 1939 reqs | 1550 total ---
2026-05-25 01:02:23,634 [551/715] 2012 Chevrolet Camaro
2026-05-25 01:02:24,180   -> ID 11736 | 6.2L V8
2026-05-25 01:02:33,925 [552/715] 2013 Chevrolet Camaro
2026-05-25 01:02:34,472   -> ID 11844 | 6.2L V8
2026-05-25 01:02:44,370 [553/715] 2014 Chevrolet Camaro
2026-05-25 01:02:44,917   -> ID 11955 | 6.2L V8
2026-05-25 01:02:54,683 [554/715] 2005 Pontiac GTO
2026-05-25 01:02:55,228   -> ID 18566 | None
2026-05-25 01:03:04,610 [555/715] 2006 Pontiac GTO
2026-05-25 01:03:05,152   -> ID 19574 | None
2026-05-25 01:03:14,533 [556/715] 2004 Pontiac GTO
2026-05-25 01:03:15,072   -> ID 17585 | None
2026-05-25 01:03:24,471 [557/715] 2003 Dodge Viper
2026-05-25 01:03:25,012   -> ID 16227 | None
2026-05-25 01:03:34,382 [558/715] 2004 Dodge Viper
2026-05-25 01:03:34,928   -> ID 17212 | None
2026-05-25 01:03:44,263 [559/715] 2005 Dodge Viper
2026-05-25 01:03:44,805   -> ID 18218 | None
2026-05-25 01:03:54,136 [560/715] 2006 Dodge Viper
2026-05-25 01:03:54,678   -> ID 19212 | None
2026-05-25 01:04:04,141 [561/715] 2007 Dodge Viper
2026-05-25 01:04:04,807   No results
2026-05-25 01:04:04,807 [562/715] 2008 Dodge Viper
2026-05-25 01:04:05,358   -> ID 21306 | None
2026-05-25 01:04:14,940 [563/715] 2005 Ford GT
2026-05-25 01:04:15,491   -> ID 18031 | None
2026-05-25 01:04:25,072 [564/715] 2006 Ford GT
2026-05-25 01:04:25,626   -> ID 19019 | None
2026-05-25 01:04:35,155 [565/715] 2017 Ford GT
2026-05-25 01:04:35,714   -> ID 31365 | None
2026-05-25 01:04:45,413 [566/715] 2018 Ford GT
2026-05-25 01:04:45,965   -> ID 32623 | None
2026-05-25 01:04:55,618 [567/715] 2005 Volkswagen Jetta
2026-05-25 01:04:55,618   SKIP
2026-05-25 01:04:55,618 [568/715] 2006 Volkswagen Jetta
2026-05-25 01:04:55,618   SKIP
2026-05-25 01:04:55,618 [569/715] 2007 Volkswagen Jetta
2026-05-25 01:04:56,180   -> ID 11345 | None
2026-05-25 01:05:05,868 [570/715] 2008 Volkswagen Jetta
2026-05-25 01:05:06,421   -> ID 11432 | None
2026-05-25 01:05:16,149 [571/715] 2005 Volkswagen GTI
2026-05-25 01:05:16,738   -> ID 18299 | None
2026-05-25 01:05:26,308 [572/715] 2006 Volkswagen GTI
2026-05-25 01:05:26,859   -> ID 19300 | None
2026-05-25 01:05:36,413 [573/715] 2007 Volkswagen GTI
2026-05-25 01:05:36,971   -> ID 20317 | None
2026-05-25 01:05:46,599 [574/715] 2008 Volkswagen GTI
2026-05-25 01:05:47,160   -> ID 21395 | None
2026-05-25 01:05:56,750 [575/715] 2010 Volkswagen GTI
2026-05-25 01:05:57,307   -> ID 23560 | None
2026-05-25 01:06:06,932 --- 133/575 ok | 2248 reqs | 1572 total ---
2026-05-25 01:06:06,932 [576/715] 2012 Volkswagen GTI
2026-05-25 01:06:07,488   -> ID 25809 | None
2026-05-25 01:06:17,166 [577/715] 2015 Volkswagen GTI
2026-05-25 01:06:17,731   -> ID 29226 | None
2026-05-25 01:06:27,499 [578/715] 2017 Volkswagen GTI
2026-05-25 01:06:28,059   No results
2026-05-25 01:06:28,059 [579/715] 2005 Volkswagen Golf
2026-05-25 01:06:28,617   -> ID 18291 | None
2026-05-25 01:06:38,189 [580/715] 2006 Volkswagen Golf
2026-05-25 01:06:38,743   -> ID 11263 | None
2026-05-25 01:06:48,405 [581/715] 2010 Volkswagen Golf
2026-05-25 01:06:48,959   -> ID 11618 | None
2026-05-25 01:06:58,677 [582/715] 2012 Volkswagen Golf
2026-05-25 01:06:59,229   -> ID 11827 | None
2026-05-25 01:07:08,990 [583/715] 2005 Volkswagen Passat
2026-05-25 01:07:09,546   -> ID 18293 | None
2026-05-25 01:07:19,126 [584/715] 2006 Volkswagen Passat
2026-05-25 01:07:19,680   -> ID 11265 | None
2026-05-25 01:07:29,344 [585/715] 2007 Volkswagen Passat
2026-05-25 01:07:29,906   -> ID 11346 | None
2026-05-25 01:07:39,636 [586/715] 2008 Volkswagen Passat
2026-05-25 01:07:40,193   -> ID 11433 | None
2026-05-25 01:07:49,849 [587/715] 2005 Volkswagen Touareg
2026-05-25 01:07:50,406   -> ID 18297 | None
2026-05-25 01:07:59,995 [588/715] 2006 Volkswagen Touareg
2026-05-25 01:08:00,547   -> ID 19298 | None
2026-05-25 01:08:10,119 [589/715] 2007 Volkswagen Touareg
2026-05-25 01:08:10,675   -> ID 20315 | None
2026-05-25 01:08:20,437 [590/715] 2008 Volkswagen Touareg
2026-05-25 01:08:20,994   -> ID 21393 | None
2026-05-25 01:08:30,574 [591/715] 2010 Volkswagen Touareg
2026-05-25 01:08:31,129   -> ID 23559 | None
2026-05-25 01:08:40,682 [592/715] 2012 Volkswagen Touareg
2026-05-25 01:08:41,241   -> ID 25808 | None
2026-05-25 01:08:50,866 [593/715] 2005 Subaru WRX
2026-05-25 01:08:51,419   -> ID 11179 | None
2026-05-25 01:09:01,243 [594/715] 2004 Subaru WRX
2026-05-25 01:09:01,801   -> ID 11117 | None
2026-05-25 01:09:11,809 [595/715] 2003 Subaru WRX
2026-05-25 01:09:12,352   -> ID 11066 | None
2026-05-25 01:09:21,862 [596/715] 2006 Subaru WRX
2026-05-25 01:09:22,402   -> ID 11250 | None
2026-05-25 01:09:31,903 [597/715] 2007 Subaru WRX
2026-05-25 01:09:32,444   -> ID 11327 | None
2026-05-25 01:09:41,961 [598/715] 2008 Subaru WRX
2026-05-25 01:09:42,503   -> ID 11412 | None
2026-05-25 01:09:52,039 [599/715] 2005 Subaru WRX STI
2026-05-25 01:09:52,573   No results
2026-05-25 01:09:52,574 [600/715] 2006 Subaru WRX STI
2026-05-25 01:09:53,115   No results
2026-05-25 01:09:53,115 --- 155/600 ok | 2559 reqs | 1594 total ---
2026-05-25 01:09:53,115 [601/715] 2007 Subaru WRX STI
2026-05-25 01:09:53,654   No results
2026-05-25 01:09:53,654 [602/715] 2008 Subaru WRX STI
2026-05-25 01:09:54,190   No results
2026-05-25 01:09:54,190 [603/715] 2005 Subaru Outback
2026-05-25 01:09:54,190   SKIP
2026-05-25 01:09:54,190 [604/715] 2004 Subaru Outback
2026-05-25 01:09:54,190   SKIP
2026-05-25 01:09:54,191 [605/715] 2003 Subaru Outback
2026-05-25 01:09:54,191   SKIP
2026-05-25 01:09:54,191 [606/715] 2005 Subaru Forester
2026-05-25 01:09:54,191   SKIP
2026-05-25 01:09:54,191 [607/715] 2004 Subaru Forester
2026-05-25 01:09:54,191   SKIP
2026-05-25 01:09:54,191 [608/715] 2003 Subaru Forester
2026-05-25 01:09:54,191   SKIP
2026-05-25 01:09:54,191 [609/715] 2005 BMW M3
2026-05-25 01:09:54,732   -> ID 17921 | None
2026-05-25 01:10:04,023 [610/715] 2006 BMW M3
2026-05-25 01:10:04,566   -> ID 18912 | None
2026-05-25 01:10:13,884 [611/715] 2007 BMW M3
2026-05-25 01:10:14,421   No results
2026-05-25 01:10:14,421 [612/715] 2008 BMW M3
2026-05-25 01:10:14,961   -> ID 20988 | None
2026-05-25 01:10:24,263 [613/715] 2005 BMW M5
2026-05-25 01:10:24,798   No results
2026-05-25 01:10:24,799 [614/715] 2006 BMW M5
2026-05-25 01:10:25,342   -> ID 18945 | None
2026-05-25 01:10:34,673 [615/715] 2007 BMW M5
2026-05-25 01:10:35,210   -> ID 19953 | None
2026-05-25 01:10:44,547 [616/715] 2008 BMW M5
2026-05-25 01:10:45,093   -> ID 21026 | None
2026-05-25 01:10:54,408 [617/715] 2010 BMW M3
2026-05-25 01:10:54,947   -> ID 23219 | None
2026-05-25 01:11:04,279 [618/715] 2011 BMW M3
2026-05-25 01:11:04,820   -> ID 24321 | None
2026-05-25 01:11:14,191 [619/715] 2012 BMW M3
2026-05-25 01:11:14,732   -> ID 25443 | None
2026-05-25 01:11:24,102 [620/715] 2005 BMW 330i
2026-05-25 01:11:24,102   SKIP
2026-05-25 01:11:24,102 [621/715] 2004 BMW 330i
2026-05-25 01:11:24,103   SKIP
2026-05-25 01:11:24,103 [622/715] 2003 BMW 330i
2026-05-25 01:11:24,103   SKIP
2026-05-25 01:11:24,103 [623/715] 2005 BMW X3
2026-05-25 01:11:24,643   -> ID 11129 | None
2026-05-25 01:11:34,149 [624/715] 2004 BMW X3
2026-05-25 01:11:34,694   -> ID 11077 | None
2026-05-25 01:11:44,211 [625/715] 2003 BMW X3
2026-05-25 01:11:44,748   No results
2026-05-25 01:11:44,748 --- 175/625 ok | 2718 reqs | 1605 total ---
2026-05-25 01:11:44,748 [626/715] 2005 BMW X5
2026-05-25 01:11:45,290   -> ID 11130 | None
2026-05-25 01:11:54,774 [627/715] 2004 BMW X5
2026-05-25 01:11:54,774   SKIP
2026-05-25 01:11:54,774 [628/715] 2003 BMW X5
2026-05-25 01:11:54,774   SKIP
2026-05-25 01:11:54,774 [629/715] 2005 Mercedes-Benz C-Class
2026-05-25 01:11:55,311   -> ID 11167 | None
2026-05-25 01:12:04,704 [630/715] 2004 Mercedes-Benz C-Class
2026-05-25 01:12:05,247   -> ID 11107 | None
2026-05-25 01:12:14,685 [631/715] 2003 Mercedes-Benz C-Class
2026-05-25 01:12:15,229   -> ID 11057 | None
2026-05-25 01:12:24,658 [632/715] 2005 Mercedes-Benz E-Class
2026-05-25 01:12:25,200   -> ID 17901 | None
2026-05-25 01:12:34,561 [633/715] 2004 Mercedes-Benz E-Class
2026-05-25 01:12:35,106   -> ID 16888 | None
2026-05-25 01:12:44,487 [634/715] 2003 Mercedes-Benz E-Class
2026-05-25 01:12:45,030   -> ID 15922 | None
2026-05-25 01:12:54,400 [635/715] 2005 Mercedes-Benz SL-Class
2026-05-25 01:12:54,941   -> ID 17899 | None
2026-05-25 01:13:04,314 [636/715] 2004 Mercedes-Benz SL-Class
2026-05-25 01:13:04,854   -> ID 16886 | None
2026-05-25 01:13:14,241 [637/715] 2003 Mercedes-Benz SL-Class
2026-05-25 01:13:14,787   -> ID 15920 | None
2026-05-25 01:13:24,153 [638/715] 2005 Mercedes-Benz ML 350
2026-05-25 01:13:24,694   No results
2026-05-25 01:13:24,694 [639/715] 2004 Mercedes-Benz ML 350
2026-05-25 01:13:25,234   No results
2026-05-25 01:13:25,234 [640/715] 2003 Mercedes-Benz ML 350
2026-05-25 01:13:25,773   No results
2026-05-25 01:13:25,773 [641/715] 2006 Mercedes-Benz C-Class
2026-05-25 01:13:26,314   -> ID 11238 | None
2026-05-25 01:13:35,781 [642/715] 2007 Mercedes-Benz C-Class
2026-05-25 01:13:36,320   -> ID 11314 | None
2026-05-25 01:13:45,762 [643/715] 2008 Mercedes-Benz C-Class
2026-05-25 01:13:46,310   -> ID 11398 | None
2026-05-25 01:13:55,869 [644/715] 2005 Audi A4
2026-05-25 01:13:56,409   -> ID 11128 | None
2026-05-25 01:14:05,988 [645/715] 2004 Audi A4
2026-05-25 01:14:06,526   -> ID 11076 | None
2026-05-25 01:14:16,187 [646/715] 2003 Audi A4
2026-05-25 01:14:16,729   -> ID 11033 | None
2026-05-25 01:14:26,185 [647/715] 2006 Audi A4
2026-05-25 01:14:26,731   -> ID 11194 | None
2026-05-25 01:14:36,207 [648/715] 2007 Audi A4
2026-05-25 01:14:36,745   -> ID 11268 | None
2026-05-25 01:14:46,203 [649/715] 2008 Audi A4
2026-05-25 01:14:46,746   -> ID 11349 | None
2026-05-25 01:14:56,213 [650/715] 2005 Audi A6
2026-05-25 01:14:56,807   -> ID 18613 | None
2026-05-25 01:15:06,268 --- 197/650 ok | 3001 reqs | 1625 total ---
2026-05-25 01:15:06,268 [651/715] 2004 Audi A6
2026-05-25 01:15:06,811   -> ID 17633 | None
2026-05-25 01:15:16,158 [652/715] 2003 Audi A6
2026-05-25 01:15:16,705   -> ID 16632 | None
2026-05-25 01:15:26,079 [653/715] 2005 Audi TT
2026-05-25 01:15:26,623   -> ID 18609 | None
2026-05-25 01:15:35,985 [654/715] 2006 Audi TT
2026-05-25 01:15:36,536   -> ID 19616 | None
2026-05-25 01:15:45,992 [655/715] 2007 Audi TT
2026-05-25 01:15:46,530   No results
2026-05-25 01:15:46,530 [656/715] 2008 Audi TT
2026-05-25 01:15:47,069   -> ID 21712 | None
2026-05-25 01:15:56,497 [657/715] 2000 Audi TT
2026-05-25 01:15:57,039   -> ID 13817 | None
2026-05-25 01:16:06,457 [658/715] 2001 Audi TT
2026-05-25 01:16:07,028   -> ID 14717 | None
2026-05-25 01:16:16,450 [659/715] 2002 Audi TT
2026-05-25 01:16:16,996   -> ID 15678 | None
2026-05-25 01:16:25,972 [660/715] 2005 Audi S4
2026-05-25 01:16:26,518   -> ID 18611 | None
2026-05-25 01:16:35,895 [661/715] 2004 Audi S4
2026-05-25 01:16:36,434   -> ID 17631 | None
2026-05-25 01:16:45,853 [662/715] 2003 Audi S4
2026-05-25 01:16:46,390   No results
2026-05-25 01:16:46,391 [663/715] 2006 Audi S4
2026-05-25 01:16:46,936   -> ID 19617 | None
2026-05-25 01:16:56,286 [664/715] 2007 Audi S4
2026-05-25 01:16:56,874   -> ID 20633 | None
2026-05-25 01:17:06,242 [665/715] 2008 Audi S4
2026-05-25 01:17:06,789   -> ID 21714 | None
2026-05-25 01:17:16,138 [666/715] 2005 Porsche 911
2026-05-25 01:17:16,681   -> ID 18624 | None
2026-05-25 01:17:26,002 [667/715] 2004 Porsche 911
2026-05-25 01:17:26,544   -> ID 17646 | None
2026-05-25 01:17:35,886 [668/715] 2003 Porsche 911
2026-05-25 01:17:36,429   -> ID 16648 | None
2026-05-25 01:17:45,753 [669/715] 2006 Porsche 911
2026-05-25 01:17:46,300   -> ID 19626 | None
2026-05-25 01:17:55,644 [670/715] 2007 Porsche 911
2026-05-25 01:17:56,184   -> ID 20655 | None
2026-05-25 01:18:05,487 [671/715] 2008 Porsche 911
2026-05-25 01:18:06,031   -> ID 21742 | None
2026-05-25 01:18:15,348 [672/715] 2005 Porsche Boxster
2026-05-25 01:18:15,892   -> ID 18625 | None
2026-05-25 01:18:25,218 [673/715] 2004 Porsche Boxster
2026-05-25 01:18:25,756   -> ID 17647 | None
2026-05-25 01:18:35,038 [674/715] 2003 Porsche Boxster
2026-05-25 01:18:35,580   -> ID 16649 | None
2026-05-25 01:18:44,870 [675/715] 2006 Porsche Boxster
2026-05-25 01:18:45,415   -> ID 19627 | None
2026-05-25 01:18:54,770 --- 220/675 ok | 3325 reqs | 1648 total ---
2026-05-25 01:18:54,770 [676/715] 2007 Porsche Boxster
2026-05-25 01:18:55,308   -> ID 20656 | None
2026-05-25 01:19:04,663 [677/715] 2008 Porsche Boxster
2026-05-25 01:19:05,210   -> ID 21743 | None
2026-05-25 01:19:14,990 [678/715] 2005 Porsche Cayenne
2026-05-25 01:19:15,539   -> ID 18626 | None
2026-05-25 01:19:24,894 [679/715] 2004 Porsche Cayenne
2026-05-25 01:19:25,440   -> ID 17648 | None
2026-05-25 01:19:34,793 [680/715] 2003 Porsche Cayenne
2026-05-25 01:19:35,340   -> ID 16650 | None
2026-05-25 01:19:44,655 [681/715] 2006 Porsche Cayenne
2026-05-25 01:19:45,205   -> ID 19628 | None
2026-05-25 01:19:54,539 [682/715] 2007 Porsche Cayenne
2026-05-25 01:19:55,084   -> ID 20657 | None
2026-05-25 01:20:04,396 [683/715] 2008 Porsche Cayenne
2026-05-25 01:20:04,944   -> ID 21744 | None
2026-05-25 01:20:14,271 [684/715] 2005 Honda S2000
2026-05-25 01:20:14,824   -> ID 18138 | None
2026-05-25 01:20:24,147 [685/715] 2004 Honda S2000
2026-05-25 01:20:24,689   -> ID 17130 | None
2026-05-25 01:20:34,006 [686/715] 2003 Honda S2000
2026-05-25 01:20:34,548   -> ID 16154 | None
2026-05-25 01:20:43,888 [687/715] 2006 Honda S2000
2026-05-25 01:20:44,432   -> ID 19123 | None
2026-05-25 01:20:53,740 [688/715] 2007 Honda S2000
2026-05-25 01:20:54,290   -> ID 20139 | None
2026-05-25 01:21:03,645 [689/715] 2008 Honda S2000
2026-05-25 01:21:04,186   -> ID 21201 | None
2026-05-25 01:21:13,516 [690/715] 2000 Honda S2000
2026-05-25 01:21:14,062   -> ID 13467 | None
2026-05-25 01:21:23,373 [691/715] 2001 Honda S2000
2026-05-25 01:21:23,918   -> ID 14278 | None
2026-05-25 01:21:33,236 [692/715] 2002 Honda S2000
2026-05-25 01:21:33,780   -> ID 15205 | None
2026-05-25 01:21:43,107 [693/715] 2005 Toyota MR2 Spyder
2026-05-25 01:21:43,650   No results
2026-05-25 01:21:43,651 [694/715] 2004 Toyota MR2 Spyder
2026-05-25 01:21:44,188   No results
2026-05-25 01:21:44,188 [695/715] 2003 Toyota MR2 Spyder
2026-05-25 01:21:44,724   No results
2026-05-25 01:21:44,724 [696/715] 2005 Toyota Matrix
2026-05-25 01:21:45,268   No results
2026-05-25 01:21:45,268 [697/715] 2004 Toyota Matrix
2026-05-25 01:21:45,813   No results
2026-05-25 01:21:45,813 [698/715] 2003 Toyota Matrix
2026-05-25 01:21:46,353   No results
2026-05-25 01:21:46,353 [699/715] 2006 Toyota Matrix
2026-05-25 01:21:46,890   No results
2026-05-25 01:21:46,890 [700/715] 2007 Toyota Matrix
2026-05-25 01:21:47,426   No results
2026-05-25 01:21:47,427 --- 237/700 ok | 3571 reqs | 1665 total ---
2026-05-25 01:21:47,427 [701/715] 2008 Toyota Matrix
2026-05-25 01:21:47,971   No results
2026-05-25 01:21:47,971 [702/715] 2005 Toyota FJ Cruiser
2026-05-25 01:21:48,509   No results
2026-05-25 01:21:48,509 [703/715] 2006 Toyota FJ Cruiser
2026-05-25 01:21:49,053   No results
2026-05-25 01:21:49,053 [704/715] 2007 Toyota FJ Cruiser
2026-05-25 01:21:49,593   -> ID 19888 | None
2026-05-25 01:21:58,963 [705/715] 2008 Toyota FJ Cruiser
2026-05-25 01:21:59,505   -> ID 20954 | None
2026-05-25 01:22:08,846 [706/715] 2009 Toyota FJ Cruiser
2026-05-25 01:22:09,385   -> ID 22066 | None
2026-05-25 01:22:19,071 [707/715] 2010 Toyota FJ Cruiser
2026-05-25 01:22:19,610   -> ID 23182 | None
2026-05-25 01:22:28,928 [708/715] 2005 Scion tC
2026-05-25 01:22:29,464   No results
2026-05-25 01:22:29,464 [709/715] 2006 Scion tC
2026-05-25 01:22:30,001   No results
2026-05-25 01:22:30,001 [710/715] 2007 Scion tC
2026-05-25 01:22:30,544   No results
2026-05-25 01:22:30,544 [711/715] 2008 Scion tC
2026-05-25 01:22:31,080   No results
2026-05-25 01:22:31,080 [712/715] 2009 Scion tC
2026-05-25 01:22:31,620   No results
2026-05-25 01:22:31,620 [713/715] 2005 Scion xA
2026-05-25 01:22:32,156   No results
2026-05-25 01:22:32,156 [714/715] 2006 Scion xA
2026-05-25 01:22:32,692   No results
2026-05-25 01:22:32,692 [715/715] 2004 Scion xA
2026-05-25 01:22:33,234   No results
2026-05-25 01:22:33,234 DONE! Added 241. Total: 1669. Requests: 3638
