Backup: C:\Users\Robert\OneDrive\Desktop\Wrench App Data\wrench_vehicles.db.20260524_194958.bak
Found 909 vehicles missing engine

[1/909] 2018 Acura MDX  ->  3.0L V6 / 3.5L V6
[2/909] 2018 Acura RDX  ->  3.5L V6
[3/909] 2019 Acura MDX  ->  3.0L V6 / 3.5L V6
[4/909] 2020 Acura ILX  ->  2.4L I4
[5/909] 2020 Acura MDX  ->  3.0L V6 / 3.5L V6
[6/909] 2020 Acura NSX  ->  3.5L V6
[7/909] 2020 Acura RDX  ->  2.0L I4
[8/909] 2020 Acura TLX  ->  2.4L I4 / 3.5L V6
[9/909] 2021 Acura ILX  ->  2.4L I4
[10/909] 2021 Acura MDX  ->  (miss: no_model_match)
[11/909] 2021 Acura NSX  ->  3.5L V6
[12/909] 2021 Acura RDX  ->  2.0L I4
[13/909] 2021 Acura TLX  ->  2.0L I4 / 3.0L V6
[14/909] 2022 Acura MDX  ->  3.0L V6 / 3.5L V6
[15/909] 2022 Acura RDX  ->  2.0L I4
[16/909] 2023 Acura Integra  ->  1.5L I4
[17/909] 2024 Acura MDX  ->  3.0L V6 / 3.5L V6
[18/909] 2024 Acura RDX  ->  2.0L I4
[19/909] 2020 Alfa Romeo Stelvio  ->  2.0L I4 / 2.9L V6
[20/909] 2021 Alfa Romeo Stelvio  ->  2.0L I4 / 2.9L V6
[21/909] 2022 Alfa Romeo Stelvio  ->  2.0L I4 / 2.9L V6
[22/909] 2023 Alfa Romeo Stelvio  ->  2.0L I4 / 2.9L V6
[23/909] 2024 Alfa Romeo Stelvio  ->  2.0L I4 / 2.9L V6
[24/909] 2024 Alfa Romeo Tonale  ->  1.3L I4
[25/909] 2018 Audi A4  ->  2.0L I4
[26/909] 2018 Audi Q5  ->  2.0L I4
[27/909] 2019 Audi A4  ->  2.0L I4
[28/909] 2019 Audi Q5  ->  2.0L I4
[29/909] 2020 Audi A3  ->  2.0L I4
[30/909] 2020 Audi A4  ->  2.0L I4
[31/909] 2020 Audi A6  ->  2.0L I4 / 3.0L V6
[32/909] 2020 Audi Q3  ->  2.0L I4
[33/909] 2020 Audi Q5  ->  2.0L I4
[34/909] 2020 Audi Q7  ->  2.0L I4 / 3.0L V6
[35/909] 2021 Audi A4  ->  2.0L I4
[36/909] 2021 Audi A6  ->  2.0L I4 / 3.0L V6
[37/909] 2021 Audi Q3  ->  2.0L I4
[38/909] 2021 Audi Q5  ->  2.0L I4
[39/909] 2021 Audi Q7  ->  2.0L I4 / 3.0L V6
[40/909] 2022 Audi Q7  ->  2.0L I4 / 3.0L V6
[41/909] 2023 Audi Q8  ->  3.0L V6
[42/909] 2023 Audi e-tron GT  ->  Electric
[43/909] 2024 Audi A4  ->  2.0L I4
[44/909] 2024 Audi Q5  ->  2.0L I4
[45/909] 2024 Audi Q7  ->  2.0L I4 / 3.0L V6
[46/909] 2024 Audi Q8  ->  3.0L V6
[47/909] 2024 Audi e-tron GT  ->  Electric
[48/909] 2003 BMW 325i  ->  2.5L V6
[49/909] 2003 BMW 330i  ->  3.0L V6
[50/909] 2003 BMW X5  ->  3.0L V6 / 4.4L V8 / 4.6L V8
[51/909] 2004 BMW 325i  ->  2.5L V6
[52/909] 2004 BMW 330i  ->  3.0L V6
[53/909] 2004 BMW X5  ->  3.0L V6 / 4.4L V8 / 4.8L V8
[54/909] 2005 BMW 325i  ->  2.5L V6
[55/909] 2005 BMW 330i  ->  3.0L V6
[56/909] 2006 BMW 325i  ->  3.0L V6
[57/909] 2006 BMW 330i  ->  3.0L V6
[58/909] 2008 BMW 328i  ->  3.0L V6
[59/909] 2009 BMW 328i  ->  3.0L V6
[60/909] 2017 BMW 330i  ->  2.0L I4
[61/909] 2017 BMW 530i  ->  2.0L I4
[62/909] 2018 BMW 330i  ->  2.0L I4
[63/909] 2018 BMW 530i  ->  2.0L I4
[64/909] 2018 BMW X3  ->  2.0L I4 / 3.0L V6
[65/909] 2018 BMW X5  ->  2.0L I4 / 3.0L V6 / 4.4L V8
[66/909] 2019 BMW 530i  ->  2.0L I4
[67/909] 2019 BMW X3  ->  2.0L I4 / 3.0L V6
[68/909] 2019 BMW X5  ->  3.0L V6 / 4.4L V8
[69/909] 2020 BMW 330i  ->  2.0L I4
[70/909] 2020 BMW 430i  ->  2.0L I4
[71/909] 2020 BMW 530i  ->  2.0L I4
[72/909] 2020 BMW X1  ->  2.0L I4
[73/909] 2020 BMW X3  ->  2.0L I4 / 3.0L V6
[74/909] 2020 BMW X5  ->  3.0L V6 / 4.4L V8
[75/909] 2020 BMW X7  ->  3.0L V6 / 4.4L V8
[76/909] 2021 BMW 330i  ->  2.0L I4
[77/909] 2021 BMW 430i  ->  2.0L I4
[78/909] 2021 BMW 530i  ->  2.0L I4
[79/909] 2021 BMW M3  ->  3.0L V6
[80/909] 2021 BMW X1  ->  2.0L I4
[81/909] 2021 BMW X3  ->  2.0L I4 / 3.0L V6
[82/909] 2021 BMW X5  ->  3.0L V6 / 4.4L V8
[83/909] 2021 BMW X7  ->  3.0L V6 / 4.4L V8
[84/909] 2022 BMW 330i  ->  2.0L I4
[85/909] 2022 BMW 530i  ->  2.0L I4
[86/909] 2022 BMW X1  ->  2.0L I4
[87/909] 2023 BMW 330i  ->  2.0L I4
[88/909] 2023 BMW X3  ->  2.0L I4 / 3.0L V6
[89/909] 2023 BMW X5  ->  3.0L V6 / 4.4L V8
[90/909] 2023 BMW i4  ->  Electric
[91/909] 2023 BMW iX  ->  Electric
[92/909] 2024 BMW 330i  ->  2.0L I4
[93/909] 2024 BMW 530i  ->  2.0L I4
[94/909] 2024 BMW X1  ->  2.0L I4
[95/909] 2024 BMW X3  ->  2.0L I4 / 3.0L V6
[96/909] 2024 BMW X5  ->  3.0L V6 / 4.4L V8
[97/909] 2024 BMW i4  ->  Electric
[98/909] 2024 BMW iX  ->  Electric
[99/909] 2021 Bentley Bentayga  ->  3.0L V6 / 4.0L V8 / 6.0L V12
[100/909] 2022 Bentley Bentayga  ->  4.0L V8 / 6.0L V12
[101/909] 2020 Buick Enclave  ->  3.6L V6
[102/909] 2020 Buick Encore  ->  1.2L I3 / 1.3L I3 / 1.4L I4
[103/909] 2020 Buick Envision  ->  2.0L I4 / 2.5L I4
[104/909] 2021 Buick Enclave  ->  3.6L V6
[105/909] 2021 Buick Encore  ->  1.2L I3 / 1.3L I3 / 1.4L I4
[106/909] 2021 Buick Envision  ->  2.0L I4
[107/909] 2022 Buick Enclave  ->  3.6L V6
[108/909] 2022 Buick Encore GX  ->  1.2L I3 / 1.3L I3
[109/909] 2023 Buick Encore GX  ->  1.2L I3 / 1.3L I3
[110/909] 2024 Buick Enclave  ->  3.6L V6
[111/909] 2024 Buick Encore GX  ->  1.2L I3 / 1.3L I3
[112/909] 2024 Buick Envision  ->  2.0L I4
[113/909] 2018 Cadillac Escalade  ->  6.2L V8
[114/909] 2019 Cadillac Escalade  ->  6.2L V8
[115/909] 2020 Cadillac CT5  ->  2.0L I4 / 3.0L V6
[116/909] 2020 Cadillac Escalade  ->  6.2L V8
[117/909] 2020 Cadillac XT4  ->  2.0L I4
[118/909] 2020 Cadillac XT5  ->  2.0L I4 / 3.6L V6
[119/909] 2020 Cadillac XT6  ->  3.6L V6
[120/909] 2021 Cadillac CT5  ->  2.0L I4 / 3.0L V6
[121/909] 2021 Cadillac Escalade  ->  3.0L V6 / 6.2L V8
[122/909] 2021 Cadillac Escalade ESV  ->  (miss: no_model_match)
[123/909] 2021 Cadillac XT4  ->  2.0L I4
[124/909] 2021 Cadillac XT5  ->  2.0L I4 / 3.6L V6
[125/909] 2021 Cadillac XT6  ->  2.0L I4 / 3.6L V6
[126/909] 2022 Cadillac CT4  ->  2.0L I4 / 2.7L I4 / 3.6L V6
[127/909] 2022 Cadillac CT5  ->  2.0L I4 / 3.0L V6 / 6.2L V8
[128/909] 2022 Cadillac Escalade  ->  3.0L V6 / 6.2L V8
[129/909] 2022 Cadillac Escalade ESV  ->  (miss: no_model_match)
[130/909] 2023 Cadillac CT4  ->  2.0L I4 / 2.7L I4 / 3.6L V6
[131/909] 2023 Cadillac CT5  ->  2.0L I4 / 3.0L V6 / 6.2L V8
[132/909] 2023 Cadillac LYRIQ  ->  Electric
[133/909] 2024 Cadillac Escalade  ->  3.0L V6 / 6.2L V8
[134/909] 2024 Cadillac LYRIQ  ->  Electric
[135/909] 2024 Cadillac XT5  ->  2.0L I4 / 3.6L V6
[136/909] 2003 Chevrolet Avalanche  ->  5.3L V8
[137/909] 2003 Chevrolet Impala  ->  3.4L V6 / 3.8L V6
[138/909] 2003 Chevrolet Malibu  ->  3.1L V6
[139/909] 2003 Chevrolet Silverado 1500  ->  4.3L V6 / 4.8L V8 / 5.3L V8
[140/909] 2003 Chevrolet Suburban  ->  5.3L V8
[141/909] 2003 Chevrolet Tahoe  ->  4.8L V8 / 5.3L V8
[142/909] 2003 Chevrolet TrailBlazer  ->  4.2L V6 / 5.3L V8
[143/909] 2004 Chevrolet Avalanche  ->  5.3L V8
[144/909] 2004 Chevrolet Colorado  ->  2.8L I4 / 3.5L I5
[145/909] 2004 Chevrolet Impala  ->  3.4L V6 / 3.8L V6
[146/909] 2004 Chevrolet Malibu  ->  2.2L I4 / 3.5L V6
[147/909] 2004 Chevrolet Silverado 1500  ->  4.3L V6 / 4.8L V8 / 5.3L V8 / 6.0L V8
[148/909] 2004 Chevrolet Suburban  ->  5.3L V8
[149/909] 2004 Chevrolet Tahoe  ->  4.8L V8 / 5.3L V8
[150/909] 2004 Chevrolet TrailBlazer  ->  4.2L V6 / 5.3L V8
[151/909] 2005 Chevrolet Colorado  ->  2.8L I4 / 3.5L I5
[152/909] 2005 Chevrolet Equinox  ->  3.4L V6
[153/909] 2005 Chevrolet Silverado 1500  ->  4.3L V6 / 4.8L V8 / 5.3L V8 / 6.0L V8
[154/909] 2005 Chevrolet Suburban  ->  5.3L V8
[155/909] 2005 Chevrolet Tahoe  ->  4.8L V8 / 5.3L V8
[156/909] 2006 Chevrolet Colorado  ->  2.8L I4 / 3.5L I5
[157/909] 2006 Chevrolet Equinox  ->  3.4L V6
[158/909] 2006 Chevrolet Silverado 1500  ->  4.3L V6 / 4.8L V8 / 5.3L V8 / 6.0L V8
[159/909] 2006 Chevrolet Suburban  ->  5.3L V8 / 6.0L V8
[160/909] 2006 Chevrolet Tahoe  ->  4.8L V8 / 5.3L V8
[161/909] 2008 Chevrolet Silverado 1500  ->  (miss: no_model_match)
[162/909] 2009 Chevrolet Silverado 1500  ->  (miss: no_model_match)
[163/909] 2012 Chevrolet Silverado 1500  ->  (miss: no_model_match)
[164/909] 2020 Chevrolet Blazer  ->  2.0L I4 / 2.5L I4 / 3.6L V6
[165/909] 2020 Chevrolet Colorado  ->  2.5L I4 / 2.8L I4 / 3.6L V6
[166/909] 2020 Chevrolet Malibu  ->  1.5L I4 / 2.0L I4
[167/909] 2020 Chevrolet Suburban  ->  5.3L V8 / 6.2L V8
[168/909] 2020 Chevrolet Tahoe  ->  5.3L V8 / 6.2L V8
[169/909] 2020 Chevrolet Traverse  ->  3.6L V6
[170/909] 2020 Chevrolet Trax  ->  1.4L I4
[171/909] 2021 Chevrolet Blazer  ->  2.0L I4 / 2.5L I4 / 3.6L V6
[172/909] 2021 Chevrolet Colorado  ->  2.5L I4 / 2.8L I4 / 3.6L V6
[173/909] 2021 Chevrolet Malibu  ->  1.5L I4 / 2.0L I4
[174/909] 2021 Chevrolet Suburban  ->  3.0L V6 / 5.3L V8 / 6.2L V8
[175/909] 2021 Chevrolet Tahoe  ->  3.0L V6 / 5.3L V8 / 6.2L V8
[176/909] 2021 Chevrolet Trailblazer  ->  1.2L I3 / 1.3L I3
[177/909] 2021 Chevrolet Traverse  ->  3.6L V6
[178/909] 2021 Chevrolet Trax  ->  1.4L I4
[179/909] 2022 Chevrolet Blazer  ->  2.0L I4 / 3.6L V6
[180/909] 2022 Chevrolet Bolt EUV  ->  Electric
[181/909] 2022 Chevrolet Bolt EV  ->  Electric
[182/909] 2022 Chevrolet Suburban  ->  3.0L V6 / 5.3L V8 / 6.2L V8
[183/909] 2022 Chevrolet Tahoe  ->  3.0L V6 / 5.3L V8 / 6.2L V8
[184/909] 2023 Chevrolet Bolt EUV  ->  Electric
[185/909] 2023 Chevrolet Bolt EV  ->  Electric
[186/909] 2024 Chevrolet Blazer  ->  2.0L I4 / 3.6L V6
[187/909] 2024 Chevrolet Colorado  ->  2.7L I4
[188/909] 2024 Chevrolet Suburban  ->  3.0L V6 / 5.3L V8 / 6.2L V8
[189/909] 2024 Chevrolet Tahoe  ->  3.0L V6 / 5.3L V8 / 6.2L V8
[190/909] 2024 Chevrolet Traverse  ->  2.5L I4 / 3.6L V6
[191/909] 2024 Chevrolet Trax  ->  1.2L I3
[192/909] 2018 Chrysler Pacifica  ->  3.6L V6
[193/909] 2019 Chrysler Pacifica  ->  3.6L V6
[194/909] 2020 Chrysler Pacifica  ->  3.6L V6
[195/909] 2021 Chrysler Pacifica  ->  3.6L V6
[196/909] 2024 Chrysler Pacifica  ->  3.6L V6
[197/909] 2003 Dodge Durango  ->  4.7L V8 / 5.9L V8
[198/909] 2003 Dodge Neon  ->  2.0L I4 / 2.4L I4
[199/909] 2003 Dodge Stratus  ->  2.4L I4 / 2.7L V6 / 3.0L V6
[200/909] 2004 Dodge Caravan  ->  2.4L I4 / 3.3L V6 / 3.8L V6
[201/909] 2004 Dodge Durango  ->  3.7L V6 / 4.7L V8 / 5.7L V8
[202/909] 2004 Dodge Neon  ->  2.0L I4 / 2.4L I4
[203/909] 2004 Dodge Stratus  ->  2.4L I4 / 2.7L V6 / 3.0L V6
[204/909] 2005 Dodge Durango  ->  3.7L V6 / 4.7L V8 / 5.7L V8
[205/909] 2006 Dodge Durango  ->  3.7L V6 / 4.7L V8 / 5.7L V8
[206/909] 2020 Dodge Journey  ->  2.4L I4
[207/909] 2021 Ferrari Roma  ->  3.9L V8
[208/909] 2022 Ferrari Roma  ->  3.9L V8
[209/909] 2003 Ford Escape  ->  2.0L I4 / 3.0L V6
[210/909] 2003 Ford Expedition  ->  4.6L V8 / 5.4L V8
[211/909] 2003 Ford Explorer  ->  4.0L V6 / 4.6L V8
[212/909] 2003 Ford F-150  ->  4.2L V6 / 4.6L V8 / 5.4L V8
[213/909] 2003 Ford Focus  ->  2.0L I4 / 2.3L I4
[214/909] 2003 Ford Mustang  ->  3.8L V6 / 4.6L V8
[215/909] 2003 Ford Ranger  ->  2.3L I4 / 3.0L V6 / 4.0L V6
[216/909] 2004 Ford Escape  ->  2.0L I4 / 3.0L V6
[217/909] 2004 Ford Expedition  ->  4.6L V8 / 5.4L V8
[218/909] 2004 Ford Explorer  ->  4.0L V6 / 4.6L V8
[219/909] 2004 Ford F-150  ->  4.2L V6 / 4.6L V8 / 5.4L V8
[220/909] 2004 Ford Focus  ->  2.0L I4 / 2.3L I4
[221/909] 2004 Ford Mustang  ->  3.8L V6 / 3.9L V6 / 4.6L V8
[222/909] 2004 Ford Ranger  ->  2.3L I4 / 3.0L V6 / 4.0L V6
[223/909] 2005 Ford Escape  ->  2.3L I4 / 3.0L V6
[224/909] 2005 Ford Explorer  ->  4.0L V6 / 4.6L V8
[225/909] 2005 Ford F-150  ->  4.2L V6 / 4.6L V8 / 5.4L V8
[226/909] 2005 Ford Mustang  ->  4.0L V6 / 4.6L V8
[227/909] 2006 Ford Escape  ->  2.3L I4 / 3.0L V6
[228/909] 2006 Ford Explorer  ->  4.0L V6 / 4.6L V8
[229/909] 2006 Ford F-150  ->  4.2L V6 / 4.6L V8 / 5.4L V8
[230/909] 2006 Ford Mustang  ->  4.0L V6 / 4.6L V8
[231/909] 2007 Ford F-150  ->  4.2L V6 / 4.6L V8 / 5.4L V8
[232/909] 2008 Ford Escape  ->  2.3L I4 / 3.0L V6
[233/909] 2008 Ford F-150  ->  4.2L V6 / 4.6L V8 / 5.4L V8
[234/909] 2009 Ford Escape  ->  2.5L I4 / 3.0L V6
[235/909] 2009 Ford F-150  ->  4.6L V8 / 5.4L V8
[236/909] 2010 Ford F-150  ->  4.6L V8 / 5.4L V8
[237/909] 2013 Ford F-150  ->  3.5L V6 / 3.7L V6 / 5.0L V8 / 6.2L V8
[238/909] 2014 Ford F-150  ->  3.5L V6 / 3.7L V6 / 5.0L V8 / 6.2L V8
[239/909] 2020 Ford Edge  ->  2.0L I4 / 2.7L V6
[240/909] 2020 Ford Expedition  ->  3.5L V6
[241/909] 2020 Ford Ranger  ->  2.3L I4
[242/909] 2020 Ford Transit  ->  2.0L I4 / 2.5L I4 / 3.5L V6
[243/909] 2021 Ford Bronco  ->  1.5L I3 / 2.0L I4 / 2.3L I4 / 2.7L V6
[244/909] 2021 Ford Edge  ->  2.0L I4 / 2.7L V6
[245/909] 2021 Ford Expedition  ->  3.5L V6
[246/909] 2021 Ford Mustang Mach-E  ->  Electric
[247/909] 2021 Ford Ranger  ->  2.3L I4
[248/909] 2021 Ford Transit  ->  2.0L I4 / 2.5L I4 / 3.5L V6
[249/909] 2022 Ford Bronco  ->  1.5L I3 / 2.0L I4 / 2.3L I4 / 2.7L V6 / 3.0L V6
[250/909] 2022 Ford Edge  ->  2.0L I4 / 2.7L V6
[251/909] 2022 Ford Expedition  ->  3.5L V6
[252/909] 2022 Ford Maverick  ->  2.0L I4 / 2.5L I4
[253/909] 2022 Ford Mustang Mach-E  ->  Electric
[254/909] 2022 Ford Ranger  ->  2.3L I4
[255/909] 2022 Ford Transit  ->  2.0L I4 / 2.5L I4 / 3.5L V6
[256/909] 2022 Ford Transit Connect  ->  2.0L I4 / 2.5L I4
[257/909] 2023 Ford Bronco  ->  1.5L I3 / 2.0L I4 / 2.3L I4 / 2.7L V6 / 3.0L V6
[258/909] 2023 Ford Maverick  ->  2.0L I4 / 2.5L I4
[259/909] 2023 Ford Mustang Mach-E  ->  Electric
[260/909] 2023 Ford Transit Connect  ->  2.0L I4
[261/909] 2024 Ford Expedition  ->  3.5L V6
[262/909] 2024 Ford Maverick  ->  2.0L I4 / 2.5L I4
[263/909] 2003 GMC Envoy  ->  4.2L V6 / 5.3L V8
[264/909] 2003 GMC Sierra 1500  ->  4.3L V6 / 4.8L V8 / 5.3L V8
[265/909] 2003 GMC Yukon  ->  4.8L V8 / 5.3L V8 / 6.0L V8
[266/909] 2004 GMC Envoy  ->  4.2L V6 / 5.3L V8
[267/909] 2004 GMC Sierra 1500  ->  4.3L V6 / 4.8L V8 / 5.3L V8 / 6.0L V8
[268/909] 2004 GMC Yukon  ->  4.8L V8 / 5.3L V8 / 6.0L V8
[269/909] 2017 GMC Sierra 1500  ->  (miss: no_model_match)
[270/909] 2018 GMC Acadia  ->  2.5L I4 / 3.6L V6
[271/909] 2018 GMC Sierra 1500  ->  (miss: no_model_match)
[272/909] 2018 GMC Terrain  ->  1.5L I4 / 1.6L I4 / 2.0L I4
[273/909] 2019 GMC Acadia  ->  2.5L I4 / 3.6L V6
[274/909] 2019 GMC Terrain  ->  1.5L I4 / 1.6L I4 / 2.0L I4
[275/909] 2020 GMC Acadia  ->  2.0L I4 / 2.5L I4 / 3.6L V6
[276/909] 2020 GMC Canyon  ->  2.5L I4 / 2.8L I4 / 3.6L V6
[277/909] 2020 GMC Terrain  ->  1.5L I4 / 2.0L I4
[278/909] 2020 GMC Yukon  ->  5.3L V8 / 6.2L V8
[279/909] 2021 GMC Acadia  ->  2.0L I4 / 2.5L I4 / 3.6L V6
[280/909] 2021 GMC Canyon  ->  2.5L I4 / 2.8L I4 / 3.6L V6
[281/909] 2021 GMC Terrain  ->  1.5L I4
[282/909] 2021 GMC Yukon  ->  3.0L V6 / 5.3L V8 / 6.2L V8
[283/909] 2022 GMC Canyon  ->  2.5L I4 / 2.8L I4 / 3.6L V6
[284/909] 2022 GMC Yukon  ->  3.0L V6 / 5.3L V8 / 6.2L V8
[285/909] 2024 GMC Acadia  ->  2.5L I4
[286/909] 2024 GMC Canyon  ->  2.7L I4
[287/909] 2024 GMC Terrain  ->  1.5L I4
[288/909] 2024 GMC Yukon  ->  3.0L V6 / 5.3L V8 / 6.2L V8
[289/909] 2020 Genesis G80  ->  3.3L V6 / 3.8L V6 / 5.0L V8
[290/909] 2021 Genesis G80  ->  2.5L I4 / 3.5L V6
[291/909] 2021 Genesis GV80  ->  2.5L I4 / 3.5L V6
[292/909] 2022 Genesis G80  ->  2.5L I4 / 3.5L V6
[293/909] 2022 Genesis GV70  ->  2.5L I4 / 3.5L V6
[294/909] 2022 Genesis GV80  ->  2.5L I4 / 3.5L V6
[295/909] 2023 Genesis G70  ->  2.0L I4 / 3.3L V6
[296/909] 2023 Genesis G80  ->  2.5L I4 / 3.5L V6
[297/909] 2023 Genesis GV60  ->  Electric
[298/909] 2023 Genesis GV70  ->  2.5L I4 / 3.5L V6
[299/909] 2023 Genesis GV80  ->  2.5L I4 / 3.5L V6
[300/909] 2024 Genesis G80  ->  2.5L I4 / 3.5L V6
[301/909] 2024 Genesis GV60  ->  Electric
[302/909] 2024 Genesis GV70  ->  2.5L I4 / 3.5L V6
[303/909] 2024 Genesis GV80  ->  2.5L I4 / 3.5L V6
[304/909] 2003 Honda Accord  ->  2.4L I4 / 3.0L V6
[305/909] 2003 Honda CR-V  ->  2.4L I4
[306/909] 2003 Honda Civic  ->  1.3L I4 / 1.7L I4 / 2.0L I4
[307/909] 2003 Honda Element  ->  2.4L I4
[308/909] 2003 Honda Odyssey  ->  3.5L V6
[309/909] 2003 Honda Pilot  ->  3.5L V6
[310/909] 2004 Honda Accord  ->  2.4L I4 / 3.0L V6
[311/909] 2004 Honda CR-V  ->  2.4L I4
[312/909] 2004 Honda Civic  ->  1.3L I4 / 1.7L I4 / 2.0L I4
[313/909] 2004 Honda Element  ->  2.4L I4
[314/909] 2004 Honda Odyssey  ->  3.5L V6
[315/909] 2004 Honda Pilot  ->  3.5L V6
[316/909] 2005 Honda Accord  ->  2.4L I4 / 3.0L V6
[317/909] 2005 Honda CR-V  ->  2.4L I4
[318/909] 2005 Honda Civic  ->  1.3L I4 / 1.7L I4 / 2.0L I4
[319/909] 2005 Honda Odyssey  ->  3.5L V6
[320/909] 2005 Honda Pilot  ->  3.5L V6
[321/909] 2006 Honda Accord  ->  2.4L I4 / 3.0L V6
[322/909] 2006 Honda CR-V  ->  2.4L I4
[323/909] 2006 Honda Civic  ->  1.3L I4 / 1.8L I4 / 2.0L I4
[324/909] 2006 Honda Odyssey  ->  3.5L V6
[325/909] 2006 Honda Pilot  ->  3.5L V6
[326/909] 2007 Honda Accord  ->  2.4L I4 / 3.0L V6
[327/909] 2007 Honda CR-V  ->  2.4L I4
[328/909] 2007 Honda Civic  ->  1.3L I4 / 1.8L I4 / 2.0L I4
[329/909] 2008 Honda Accord  ->  2.4L I4 / 3.5L V6
[330/909] 2008 Honda CR-V  ->  2.4L I4
[331/909] 2008 Honda Civic  ->  1.3L I4 / 1.8L I4 / 2.0L I4
[332/909] 2009 Honda Accord  ->  2.4L I4 / 3.5L V6
[333/909] 2009 Honda CR-V  ->  2.4L I4
[334/909] 2009 Honda Civic  ->  1.3L I4 / 1.8L I4 / 2.0L I4
[335/909] 2010 Honda Accord  ->  2.4L I4 / 3.5L V6
[336/909] 2010 Honda Civic  ->  1.3L I4 / 1.8L I4 / 2.0L I4
[337/909] 2012 Honda Accord  ->  2.4L I4 / 3.5L V6
[338/909] 2012 Honda Civic  ->  1.5L I4 / 1.8L I4 / 2.4L I4
[339/909] 2015 Honda Accord  ->  2.0L I4 / 2.4L I4 / 3.5L V6
[340/909] 2015 Honda Civic  ->  1.5L I4 / 1.8L I4 / 2.4L I4
[341/909] 2016 Honda Accord  ->  2.4L I4 / 3.5L V6
[342/909] 2016 Honda CR-V  ->  2.4L I4
[343/909] 2016 Honda Civic  ->  1.5L I4 / 2.0L I4
[344/909] 2017 Honda Accord  ->  2.0L I4 / 2.4L I4 / 3.5L V6
[345/909] 2017 Honda Civic  ->  1.5L I4 / 2.0L I4
[346/909] 2020 Honda Clarity  ->  1.5L I4
[347/909] 2020 Honda Fit  ->  1.5L I4
[348/909] 2020 Honda HR-V  ->  1.8L I4
[349/909] 2020 Honda Insight  ->  1.5L I4
[350/909] 2020 Honda Odyssey  ->  3.5L V6
[351/909] 2020 Honda Passport  ->  3.5L V6
[352/909] 2020 Honda Ridgeline  ->  3.5L V6
[353/909] 2021 Honda Clarity  ->  1.5L I4
[354/909] 2021 Honda HR-V  ->  1.8L I4
[355/909] 2021 Honda Insight  ->  1.5L I4
[356/909] 2021 Honda Odyssey  ->  3.5L V6
[357/909] 2021 Honda Passport  ->  3.5L V6
[358/909] 2021 Honda Ridgeline  ->  3.5L V6
[359/909] 2022 Honda HR-V  ->  1.8L I4
[360/909] 2022 Honda Passport  ->  3.5L V6
[361/909] 2022 Honda Ridgeline  ->  3.5L V6
[362/909] 2023 Honda Ridgeline  ->  3.5L V6
[363/909] 2024 Honda HR-V  ->  2.0L I4
[364/909] 2024 Honda Odyssey  ->  3.5L V6
[365/909] 2024 Honda Passport  ->  3.5L V6
[366/909] 2024 Honda Prologue  ->  Electric
[367/909] 2024 Honda Ridgeline  ->  3.5L V6
[368/909] 2003 Hyundai Elantra  ->  2.0L I4
[369/909] 2003 Hyundai Santa Fe  ->  2.4L I4 / 2.7L V6 / 3.5L V6
[370/909] 2003 Hyundai Sonata  ->  2.4L I4 / 2.7L V6
[371/909] 2004 Hyundai Elantra  ->  2.0L I4
[372/909] 2004 Hyundai Santa Fe  ->  2.4L I4 / 2.7L V6 / 3.5L V6
[373/909] 2004 Hyundai Sonata  ->  2.4L I4 / 2.7L V6
[374/909] 2005 Hyundai Santa Fe  ->  2.4L I4 / 2.7L V6 / 3.5L V6
[375/909] 2005 Hyundai Sonata  ->  2.4L I4 / 2.7L V6
[376/909] 2006 Hyundai Santa Fe  ->  2.4L I4 / 2.7L V6 / 3.5L V6
[377/909] 2006 Hyundai Sonata  ->  2.4L I4 / 3.3L V6
[378/909] 2017 Hyundai Elantra  ->  1.4L I4 / 1.6L I4 / 2.0L I4
[379/909] 2017 Hyundai Tucson  ->  1.6L I4 / 2.0L I4
[380/909] 2018 Hyundai Elantra  ->  1.4L I4 / 1.6L I4 / 2.0L I4
[381/909] 2018 Hyundai Santa Fe  ->  2.0L I4 / 2.4L I4 / 3.3L V6
[382/909] 2018 Hyundai Sonata  ->  1.6L I4 / 2.0L I4 / 2.4L I4
[383/909] 2018 Hyundai Tucson  ->  1.6L I4 / 2.0L I4 / 2.4L I4
[384/909] 2019 Hyundai Sonata  ->  1.6L I4 / 2.0L I4 / 2.4L I4
[385/909] 2019 Hyundai Tucson  ->  2.0L I4 / 2.4L I4
[386/909] 2020 Hyundai Elantra  ->  1.4L I4 / 1.6L I4 / 2.0L I4
[387/909] 2020 Hyundai Kona  ->  1.6L I4 / 2.0L I4
[388/909] 2020 Hyundai Palisade  ->  3.8L V6
[389/909] 2020 Hyundai Tucson  ->  2.0L I4 / 2.4L I4
[390/909] 2020 Hyundai Venue  ->  1.6L I4
[391/909] 2021 Hyundai Elantra  ->  1.6L I4 / 2.0L I4
[392/909] 2021 Hyundai Kona  ->  1.6L I4 / 2.0L I4
[393/909] 2021 Hyundai Palisade  ->  3.8L V6
[394/909] 2021 Hyundai Tucson  ->  2.0L I4 / 2.4L I4
[395/909] 2021 Hyundai Venue  ->  1.6L I4
[396/909] 2022 Hyundai Elantra  ->  1.6L I4 / 2.0L I4
[397/909] 2022 Hyundai Ioniq 5  ->  Electric
[398/909] 2022 Hyundai Kona  ->  1.6L I4 / 2.0L I4
[399/909] 2022 Hyundai Palisade  ->  3.8L V6
[400/909] 2022 Hyundai Tucson  ->  1.6L I4 / 2.5L I4
[401/909] 2023 Hyundai Ioniq 5  ->  (miss: no_model_match)
[402/909] 2023 Hyundai Ioniq 6  ->  Electric
[403/909] 2023 Hyundai Tucson  ->  1.6L I4 / 2.5L I4
[404/909] 2024 Hyundai Elantra  ->  1.6L I4 / 2.0L I4
[405/909] 2024 Hyundai Ioniq 5  ->  Electric
[406/909] 2024 Hyundai Ioniq 6  ->  Electric
[407/909] 2024 Hyundai Kona  ->  1.6L I4 / 2.0L I4
[408/909] 2024 Hyundai Palisade  ->  3.8L V6
[409/909] 2024 Hyundai Tucson  ->  1.6L I4 / 2.5L I4
[410/909] 2018 Infiniti QX60  ->  3.5L V6
[411/909] 2019 Infiniti QX60  ->  3.5L V6
[412/909] 2020 Infiniti Q50  ->  3.0L V6
[413/909] 2020 Infiniti Q60  ->  3.0L V6
[414/909] 2020 Infiniti QX50  ->  2.0L I4
[415/909] 2020 Infiniti QX60  ->  3.5L V6
[416/909] 2020 Infiniti QX80  ->  5.6L V8
[417/909] 2021 Infiniti Q50  ->  3.0L V6
[418/909] 2021 Infiniti Q60  ->  3.0L V6
[419/909] 2021 Infiniti QX50  ->  2.0L I4
[420/909] 2021 Infiniti QX60  ->  (miss: no_model_match)
[421/909] 2021 Infiniti QX80  ->  5.6L V8
[422/909] 2022 Infiniti QX60  ->  3.5L V6
[423/909] 2022 Infiniti QX80  ->  5.6L V8
[424/909] 2024 Infiniti QX50  ->  2.0L I4
[425/909] 2024 Infiniti QX60  ->  3.5L V6
[426/909] 2003 Jeep Grand Cherokee  ->  4.0L V6 / 4.7L V8
[427/909] 2003 Jeep Wrangler  ->  2.4L I4 / 4.0L V6
[428/909] 2004 Jeep Grand Cherokee  ->  4.0L V6 / 4.7L V8
[429/909] 2004 Jeep Wrangler  ->  2.4L I4 / 4.0L V6
[430/909] 2005 Jeep Grand Cherokee  ->  3.7L V6 / 4.7L V8 / 5.7L V8
[431/909] 2005 Jeep Wrangler  ->  2.4L I4 / 4.0L V6
[432/909] 2006 Jeep Grand Cherokee  ->  3.7L V6 / 4.7L V8 / 5.7L V8 / 6.1L V8
[433/909] 2006 Jeep Wrangler  ->  2.4L I4 / 4.0L V6
[434/909] 2008 Jeep Wrangler  ->  3.8L V6
[435/909] 2009 Jeep Wrangler  ->  3.8L V6
[436/909] 2017 Jeep Wrangler  ->  3.6L V6
[437/909] 2020 Jeep Cherokee  ->  2.0L I4 / 2.4L I4 / 3.2L V6
[438/909] 2020 Jeep Gladiator  ->  3.6L V6
[439/909] 2021 Jeep Cherokee  ->  2.0L I4 / 2.4L I4 / 3.2L V6
[440/909] 2021 Jeep Gladiator  ->  3.0L V6 / 3.6L V6
[441/909] 2022 Jeep Gladiator  ->  3.0L V6 / 3.6L V6
[442/909] 2024 Jeep Gladiator  ->  3.6L V6
[443/909] 2003 Kia Optima  ->  2.4L I4 / 2.7L V6
[444/909] 2003 Kia Sorento  ->  3.5L V6
[445/909] 2004 Kia Optima  ->  2.4L I4 / 2.7L V6
[446/909] 2004 Kia Sorento  ->  3.5L V6
[447/909] 2005 Kia Sorento  ->  3.5L V6
[448/909] 2006 Kia Sorento  ->  3.5L V6
[449/909] 2017 Kia Sorento  ->  2.0L I4 / 2.4L I4 / 3.3L V6
[450/909] 2018 Kia Sorento  ->  2.0L I4 / 2.4L I4 / 3.3L V6
[451/909] 2018 Kia Sportage  ->  2.0L I4 / 2.4L I4
[452/909] 2018 Kia Stinger  ->  2.0L I4 / 3.3L V6
[453/909] 2019 Kia Sorento  ->  2.4L I4 / 3.3L V6
[454/909] 2019 Kia Sportage  ->  2.0L I4 / 2.4L I4
[455/909] 2019 Kia Stinger  ->  2.0L I4 / 3.3L V6
[456/909] 2020 Kia Forte  ->  1.6L I4 / 2.0L I4
[457/909] 2020 Kia Seltos  ->  (miss: no_model_match)
[458/909] 2020 Kia Sorento  ->  2.4L I4 / 3.3L V6
[459/909] 2020 Kia Soul  ->  1.6L I4 / 2.0L I4
[460/909] 2020 Kia Sportage  ->  2.0L I4 / 2.4L I4
[461/909] 2020 Kia Stinger  ->  2.0L I4 / 3.3L V6
[462/909] 2020 Kia Telluride  ->  3.8L V6
[463/909] 2021 Kia Forte  ->  1.6L I4 / 2.0L I4
[464/909] 2021 Kia Seltos  ->  1.6L I4 / 2.0L I4
[465/909] 2021 Kia Sorento  ->  1.6L I4 / 2.5L I4
[466/909] 2021 Kia Soul  ->  1.6L I4 / 2.0L I4
[467/909] 2021 Kia Sportage  ->  2.0L I4 / 2.4L I4
[468/909] 2021 Kia Telluride  ->  3.8L V6
[469/909] 2022 Kia Carnival  ->  3.5L V6
[470/909] 2022 Kia EV6  ->  Electric
[471/909] 2022 Kia Forte  ->  1.6L I4 / 2.0L I4
[472/909] 2022 Kia Seltos  ->  1.6L I4 / 2.0L I4
[473/909] 2022 Kia Sorento  ->  1.6L I4 / 2.5L I4
[474/909] 2022 Kia Sportage  ->  2.0L I4 / 2.4L I4
[475/909] 2023 Kia Carnival  ->  3.5L V6
[476/909] 2023 Kia EV6  ->  Electric
[477/909] 2023 Kia Sorento  ->  1.6L I4 / 2.5L I4
[478/909] 2023 Kia Telluride  ->  3.8L V6
[479/909] 2024 Kia Carnival  ->  3.5L V6
[480/909] 2024 Kia EV6  ->  Electric
[481/909] 2024 Kia EV9  ->  Electric
[482/909] 2024 Kia Forte  ->  1.6L I4 / 2.0L I4
[483/909] 2024 Kia Sorento  ->  1.6L I4 / 2.5L I4
[484/909] 2024 Kia Soul  ->  2.0L I4
[485/909] 2024 Kia Sportage  ->  1.6L I4 / 2.5L I4
[486/909] 2021 Lamborghini Urus  ->  4.0L V8
[487/909] 2022 Lamborghini Urus  ->  4.0L V8
[488/909] 2020 Lincoln Aviator  ->  3.0L V6
[489/909] 2020 Lincoln Corsair  ->  2.0L I4 / 2.3L I4
[490/909] 2020 Lincoln MKZ  ->  2.0L I4 / 3.0L V6
[491/909] 2020 Lincoln Navigator  ->  3.5L V6
[492/909] 2020 Lincoln Navigator L  ->  3.5L V6
[493/909] 2021 Lincoln Aviator  ->  3.0L V6
[494/909] 2021 Lincoln Corsair  ->  2.0L I4 / 2.3L I4 / 2.5L I4
[495/909] 2021 Lincoln Navigator  ->  3.5L V6
[496/909] 2021 Lincoln Navigator L  ->  3.5L V6
[497/909] 2022 Lincoln Aviator  ->  3.0L V6
[498/909] 2022 Lincoln Corsair  ->  2.0L I4 / 2.3L I4 / 2.5L I4
[499/909] 2022 Lincoln Nautilus  ->  2.0L I4 / 2.7L V6
[500/909] 2022 Lincoln Navigator  ->  3.5L V6
[501/909] 2023 Lincoln Aviator  ->  3.0L V6
[502/909] 2023 Lincoln Corsair  ->  2.0L I4 / 2.5L I4
[503/909] 2023 Lincoln Nautilus  ->  2.0L I4 / 2.7L V6
[504/909] 2023 Lincoln Navigator  ->  3.5L V6
[505/909] 2024 Lincoln Aviator  ->  3.0L V6
[506/909] 2024 Lincoln Corsair  ->  2.0L I4
[507/909] 2024 Lincoln Nautilus  ->  2.0L I4
[508/909] 2024 Lincoln Navigator  ->  3.5L V6
[509/909] 2022 Lucid Air  ->  Electric
[510/909] 2023 Lucid Air  ->  Electric
[511/909] 2024 Lucid Air  ->  Electric
[512/909] 2020 MINI Countryman  ->  (miss: no_model_match)
[513/909] 2021 MINI Countryman  ->  (miss: no_model_match)
[514/909] 2022 MINI Countryman  ->  (miss: no_model_match)
[515/909] 2021 Maserati Ghibli  ->  3.0L V6 / 3.8L V8
[516/909] 2021 Maserati Levante  ->  3.0L V6 / 3.8L V8
[517/909] 2022 Maserati Ghibli  ->  3.0L V6 / 3.8L V8
[518/909] 2022 Maserati Levante  ->  3.0L V6 / 3.8L V8
[519/909] 2023 Maserati Grecale  ->  2.0L I4 / 3.0L V6
[520/909] 2003 Mazda MPV  ->  3.0L V6
[521/909] 2003 Mazda Mazda6  ->  2.3L I4 / 3.0L V6
[522/909] 2004 Mazda MPV  ->  3.0L V6
[523/909] 2004 Mazda Mazda3  ->  2.0L I4 / 2.3L I4
[524/909] 2004 Mazda Mazda6  ->  2.3L I4 / 3.0L V6
[525/909] 2017 Mazda CX-5  ->  2.5L I4
[526/909] 2018 Mazda CX-5  ->  2.2L I4 / 2.5L I4
[527/909] 2018 Mazda Mazda3  ->  2.0L I4 / 2.5L I4
[528/909] 2019 Mazda CX-5  ->  2.2L I4 / 2.5L I4
[529/909] 2019 Mazda Mazda3  ->  2.5L I4
[530/909] 2020 Mazda CX-30  ->  2.5L I4
[531/909] 2020 Mazda CX-5  ->  2.5L I4
[532/909] 2020 Mazda CX-9  ->  2.5L I4
[533/909] 2020 Mazda MX-5 Miata  ->  (miss: no_model_match)
[534/909] 2020 Mazda Mazda3  ->  2.5L I4
[535/909] 2021 Mazda CX-30  ->  2.5L I4
[536/909] 2021 Mazda CX-5  ->  2.5L I4
[537/909] 2021 Mazda CX-9  ->  2.5L I4
[538/909] 2021 Mazda MX-5 Miata  ->  (miss: no_model_match)
[539/909] 2021 Mazda Mazda3  ->  2.0L I4 / 2.5L I4
[540/909] 2022 Mazda CX-30  ->  2.5L I4
[541/909] 2022 Mazda CX-5  ->  2.5L I4
[542/909] 2022 Mazda CX-9  ->  2.5L I4
[543/909] 2023 Mazda CX-5  ->  2.5L I4
[544/909] 2023 Mazda CX-50  ->  2.5L I4
[545/909] 2023 Mazda Mazda3  ->  2.0L I4 / 2.5L I4
[546/909] 2024 Mazda CX-5  ->  2.5L I4
[547/909] 2024 Mazda CX-50  ->  2.5L I4
[548/909] 2024 Mazda CX-90  ->  2.5L I4 / 3.3L V6
[549/909] 2024 Mazda Mazda3  ->  2.5L I4
[550/909] 2018 Mercedes-Benz C-Class  ->  (miss: no_model_match)
[551/909] 2019 Mercedes-Benz C-Class  ->  (miss: no_model_match)
[552/909] 2020 Mercedes-Benz A-Class  ->  (miss: no_model_match)
[553/909] 2020 Mercedes-Benz C-Class  ->  (miss: no_model_match)
[554/909] 2020 Mercedes-Benz E-Class  ->  (miss: no_model_match)
[555/909] 2021 Mercedes-Benz A-Class  ->  (miss: no_model_match)
[556/909] 2021 Mercedes-Benz C-Class  ->  (miss: no_model_match)
[557/909] 2021 Mercedes-Benz E-Class  ->  (miss: no_model_match)
[558/909] 2024 Mercedes-Benz C-Class  ->  (miss: no_model_match)
[559/909] 2007 Mercury Mariner  ->  2.3L I4 / 3.0L V6
[560/909] 2008 Mercury Mariner  ->  2.3L I4 / 3.0L V6
[561/909] 2008 Mercury Milan  ->  2.3L I4 / 3.0L V6
[562/909] 2008 Mercury Mountaineer  ->  4.0L V6 / 4.6L V8
[563/909] 2009 Mercury Mariner  ->  2.5L I4 / 3.0L V6
[564/909] 2009 Mercury Milan  ->  2.3L I4 / 3.0L V6
[565/909] 2009 Mercury Mountaineer  ->  4.0L V6 / 4.6L V8
[566/909] 2010 Mercury Mariner  ->  2.5L I4 / 3.0L V6
[567/909] 2010 Mercury Milan  ->  2.5L I4 / 3.0L V6
[568/909] 2010 Mercury Mountaineer  ->  4.0L V6 / 4.6L V8
[569/909] 2011 Mercury Mariner  ->  2.5L I4 / 3.0L V6
[570/909] 2018 Mitsubishi Outlander  ->  2.0L I4 / 2.4L I4 / 3.0L V6
[571/909] 2019 Mitsubishi Outlander  ->  2.0L I4 / 2.4L I4 / 3.0L V6
[572/909] 2020 Mitsubishi Eclipse Cross  ->  1.5L I4
[573/909] 2020 Mitsubishi Outlander  ->  2.0L I4 / 2.4L I4 / 3.0L V6
[574/909] 2020 Mitsubishi Outlander Sport  ->  2.0L I4 / 2.4L I4
[575/909] 2021 Mitsubishi Eclipse Cross  ->  (miss: no_model_match)
[576/909] 2021 Mitsubishi Outlander  ->  2.0L I4 / 2.4L I4
[577/909] 2021 Mitsubishi Outlander Sport  ->  2.0L I4 / 2.4L I4
[578/909] 2022 Mitsubishi Eclipse Cross  ->  1.5L I4
[579/909] 2022 Mitsubishi Outlander  ->  2.0L I4 / 2.4L I4 / 2.5L I4
[580/909] 2024 Mitsubishi Outlander  ->  2.0L I4 / 2.4L I4 / 2.5L I4
[581/909] 2003 Nissan Altima  ->  2.5L I4 / 3.5L V6
[582/909] 2003 Nissan Frontier  ->  2.4L I4 / 3.3L V6
[583/909] 2003 Nissan Maxima  ->  3.5L V6
[584/909] 2003 Nissan Murano  ->  3.5L V6
[585/909] 2003 Nissan Pathfinder  ->  3.5L V6
[586/909] 2003 Nissan Sentra  ->  1.8L I4 / 2.5L I4
[587/909] 2003 Nissan Xterra  ->  2.4L I4 / 3.3L V6
[588/909] 2004 Nissan Altima  ->  2.5L I4 / 3.5L V6
[589/909] 2004 Nissan Frontier  ->  2.4L I4 / 3.3L V6
[590/909] 2004 Nissan Maxima  ->  3.5L V6
[591/909] 2004 Nissan Murano  ->  3.5L V6
[592/909] 2004 Nissan Pathfinder  ->  3.5L V6 / 5.6L V8
[593/909] 2004 Nissan Sentra  ->  1.8L I4 / 2.5L I4
[594/909] 2004 Nissan Xterra  ->  2.4L I4 / 3.3L V6
[595/909] 2005 Nissan Altima  ->  2.5L I4 / 3.5L V6
[596/909] 2005 Nissan Pathfinder  ->  4.0L V6
[597/909] 2005 Nissan Sentra  ->  1.8L I4 / 2.5L I4
[598/909] 2005 Nissan Titan  ->  5.6L V8
[599/909] 2006 Nissan Altima  ->  2.5L I4 / 3.5L V6
[600/909] 2006 Nissan Pathfinder  ->  4.0L V6
[601/909] 2006 Nissan Sentra  ->  1.8L I4 / 2.5L I4
[602/909] 2006 Nissan Titan  ->  5.6L V8
[603/909] 2007 Nissan Altima  ->  2.5L I4 / 3.5L V6
[604/909] 2008 Nissan Altima  ->  2.5L I4 / 3.5L V6
[605/909] 2008 Nissan Rogue  ->  2.5L I4
[606/909] 2009 Nissan Altima  ->  2.5L I4 / 3.5L V6
[607/909] 2009 Nissan Rogue  ->  2.5L I4
[608/909] 2015 Nissan Altima  ->  2.5L I4 / 3.5L V6
[609/909] 2015 Nissan Rogue  ->  2.5L I4
[610/909] 2015 Nissan Sentra  ->  1.8L I4
[611/909] 2016 Nissan Altima  ->  2.5L I4 / 3.5L V6
[612/909] 2016 Nissan Rogue  ->  2.5L I4
[613/909] 2017 Nissan Altima  ->  2.5L I4 / 3.5L V6
[614/909] 2017 Nissan Rogue  ->  2.0L I4 / 2.5L I4
[615/909] 2018 Nissan Altima  ->  2.5L I4 / 3.5L V6
[616/909] 2018 Nissan Murano  ->  3.5L V6
[617/909] 2018 Nissan Rogue  ->  2.0L I4 / 2.5L I4
[618/909] 2018 Nissan Sentra  ->  1.6L I4 / 1.8L I4
[619/909] 2019 Nissan Altima  ->  2.0L I4 / 2.5L I4
[620/909] 2019 Nissan Murano  ->  3.5L V6
[621/909] 2019 Nissan Rogue  ->  2.0L I4 / 2.5L I4
[622/909] 2019 Nissan Sentra  ->  1.6L I4 / 1.8L I4
[623/909] 2020 Nissan Altima  ->  2.0L I4 / 2.5L I4
[624/909] 2020 Nissan Armada  ->  5.6L V8
[625/909] 2020 Nissan Frontier  ->  3.8L V6
[626/909] 2020 Nissan Kicks  ->  1.6L I4
[627/909] 2020 Nissan Leaf  ->  Electric
[628/909] 2020 Nissan Maxima  ->  3.5L V6
[629/909] 2020 Nissan Murano  ->  3.5L V6
[630/909] 2020 Nissan Pathfinder  ->  3.5L V6
[631/909] 2020 Nissan Rogue  ->  2.0L I4 / 2.5L I4
[632/909] 2020 Nissan Sentra  ->  2.0L I4
[633/909] 2020 Nissan Titan  ->  5.6L V8
[634/909] 2021 Nissan Altima  ->  2.0L I4 / 2.5L I4
[635/909] 2021 Nissan Armada  ->  5.6L V8
[636/909] 2021 Nissan Frontier  ->  3.8L V6
[637/909] 2021 Nissan Kicks  ->  1.6L I4
[638/909] 2021 Nissan Leaf  ->  Electric
[639/909] 2021 Nissan Maxima  ->  3.5L V6
[640/909] 2021 Nissan Murano  ->  3.5L V6
[641/909] 2021 Nissan Pathfinder  ->  (miss: no_model_match)
[642/909] 2021 Nissan Rogue  ->  1.5L I3 / 2.0L I4 / 2.5L I4
[643/909] 2021 Nissan Sentra  ->  2.0L I4
[644/909] 2021 Nissan Titan  ->  5.6L V8
[645/909] 2022 Nissan Altima  ->  2.0L I4 / 2.5L I4
[646/909] 2022 Nissan Armada  ->  5.6L V8
[647/909] 2022 Nissan Frontier  ->  3.8L V6
[648/909] 2022 Nissan Leaf  ->  Electric
[649/909] 2022 Nissan Pathfinder  ->  3.5L V6
[650/909] 2022 Nissan Rogue  ->  1.5L I3 / 2.0L I4
[651/909] 2023 Nissan Altima  ->  2.0L I4 / 2.5L I4
[652/909] 2023 Nissan Rogue  ->  1.5L I3
[653/909] 2024 Nissan Altima  ->  2.0L I4 / 2.5L I4
[654/909] 2024 Nissan Frontier  ->  3.8L V6
[655/909] 2024 Nissan Rogue  ->  1.5L I3
[656/909] 2024 Nissan Titan  ->  5.6L V8
[657/909] 2005 Pontiac G6  ->  3.5L V6
[658/909] 2006 Pontiac G6  ->  2.4L I4 / 3.5L V6 / 3.9L V6
[659/909] 2007 Pontiac G6  ->  2.4L I4 / 3.5L V6 / 3.6L V6 / 3.9L V6
[660/909] 2007 Pontiac Grand Prix  ->  3.8L V6 / 5.3L V8
[661/909] 2007 Pontiac Torrent  ->  3.4L V6
[662/909] 2007 Pontiac Vibe  ->  1.8L I4
[663/909] 2008 Pontiac G6  ->  2.4L I4 / 3.5L V6 / 3.6L V6 / 3.9L V6
[664/909] 2008 Pontiac Grand Prix  ->  3.8L V6 / 5.3L V8
[665/909] 2008 Pontiac Solstice  ->  2.0L I4 / 2.4L I4
[666/909] 2008 Pontiac Torrent  ->  3.4L V6 / 3.6L V6
[667/909] 2008 Pontiac Vibe  ->  1.8L I4
[668/909] 2009 Pontiac G6  ->  2.4L I4 / 3.5L V6 / 3.6L V6 / 3.9L V6
[669/909] 2009 Pontiac Solstice  ->  2.0L I4 / 2.4L I4
[670/909] 2009 Pontiac Vibe  ->  1.8L I4 / 2.4L I4
[671/909] 2020 Porsche 911  ->  3.0L V6
[672/909] 2020 Porsche Cayenne  ->  2.9L V6 / 3.0L V6 / 4.0L V8
[673/909] 2020 Porsche Macan  ->  2.0L I4 / 2.9L V6 / 3.0L V6
[674/909] 2020 Porsche Panamera  ->  2.9L V6 / 3.0L V6 / 4.0L V8
[675/909] 2020 Porsche Taycan  ->  Electric
[676/909] 2021 Porsche 911  ->  3.0L V6 / 3.7L V6
[677/909] 2021 Porsche Cayenne  ->  2.9L V6 / 3.0L V6 / 4.0L V8
[678/909] 2021 Porsche Macan  ->  2.0L I4 / 2.9L V6 / 3.0L V6
[679/909] 2021 Porsche Panamera  ->  2.9L V6 / 4.0L V8
[680/909] 2021 Porsche Taycan  ->  Electric
[681/909] 2022 Porsche 911  ->  3.0L V6 / 3.7L V6 / 4.0L V6
[682/909] 2022 Porsche Cayenne  ->  2.9L V6 / 3.0L V6 / 4.0L V8
[683/909] 2022 Porsche Macan  ->  2.0L I4 / 2.9L V6
[684/909] 2022 Porsche Taycan  ->  Electric
[685/909] 2023 Porsche 911  ->  3.0L V6 / 3.7L V6 / 4.0L V6
[686/909] 2023 Porsche Cayenne  ->  2.9L V6 / 3.0L V6 / 4.0L V8
[687/909] 2023 Porsche Macan  ->  2.0L I4 / 2.9L V6
[688/909] 2023 Porsche Taycan  ->  Electric
[689/909] 2024 Porsche 911  ->  3.0L V6 / 3.7L V6 / 4.0L V6
[690/909] 2024 Porsche Cayenne  ->  3.0L V6 / 4.0L V8
[691/909] 2024 Porsche Macan  ->  2.0L I4 / 2.9L V6
[692/909] 2024 Porsche Panamera  ->  2.9L V6
[693/909] 2024 Porsche Taycan  ->  Electric
[694/909] 2005 RAM 1500  ->  (miss: no_model_match)
[695/909] 2006 RAM 1500  ->  (miss: no_model_match)
[696/909] 2007 Saab 9-3  ->  2.0L I4 / 2.8L V6
[697/909] 2007 Saab 9-5  ->  2.3L I4
[698/909] 2008 Saab 9-3  ->  2.0L I4 / 2.8L V6
[699/909] 2008 Saab 9-5  ->  2.3L I4
[700/909] 2009 Saab 9-3  ->  2.0L I4 / 2.8L V6
[701/909] 2009 Saab 9-5  ->  2.3L I4
[702/909] 2010 Saab 9-3  ->  2.0L I4
[703/909] 2005 Saturn Ion  ->  2.0L I4 / 2.2L I4
[704/909] 2005 Saturn Vue  ->  2.2L I4 / 3.5L V6
[705/909] 2006 Saturn Ion  ->  2.0L I4 / 2.2L I4 / 2.4L I4
[706/909] 2006 Saturn Vue  ->  2.2L I4 / 3.5L V6
[707/909] 2007 Saturn Aura  ->  2.4L I4 / 3.5L V6 / 3.6L V6
[708/909] 2007 Saturn Ion  ->  2.0L I4 / 2.2L I4 / 2.4L I4
[709/909] 2007 Saturn Outlook  ->  3.6L V6
[710/909] 2007 Saturn Vue  ->  2.2L I4 / 2.4L I4 / 3.5L V6
[711/909] 2008 Saturn Aura  ->  2.4L I4 / 3.5L V6 / 3.6L V6
[712/909] 2008 Saturn Outlook  ->  3.6L V6
[713/909] 2008 Saturn Vue  ->  2.4L I4 / 3.5L V6 / 3.6L V6
[714/909] 2009 Saturn Aura  ->  2.4L I4 / 3.6L V6
[715/909] 2009 Saturn Outlook  ->  3.6L V6
[716/909] 2009 Saturn Vue  ->  2.4L I4 / 3.5L V6 / 3.6L V6
[717/909] 2003 Subaru Forester  ->  2.5L I4
[718/909] 2003 Subaru Impreza  ->  2.0L I4 / 2.5L I4
[719/909] 2003 Subaru Outback  ->  (miss: no_model_match)
[720/909] 2004 Subaru Forester  ->  2.5L I4
[721/909] 2004 Subaru Impreza  ->  2.0L I4 / 2.5L I4
[722/909] 2004 Subaru Outback  ->  (miss: no_model_match)
[723/909] 2005 Subaru Forester  ->  2.5L I4
[724/909] 2005 Subaru Outback  ->  2.5L I4 / 3.0L V6
[725/909] 2006 Subaru Forester  ->  2.5L I4
[726/909] 2006 Subaru Outback  ->  2.5L I4 / 3.0L V6
[727/909] 2008 Subaru Outback  ->  2.5L I4 / 3.0L V6
[728/909] 2009 Subaru Outback  ->  2.5L I4 / 3.0L V6
[729/909] 2016 Subaru Outback  ->  2.5L I4 / 3.6L V6
[730/909] 2017 Subaru Forester  ->  2.0L I4 / 2.5L I4
[731/909] 2017 Subaru Outback  ->  2.5L I4 / 3.6L V6
[732/909] 2018 Subaru Crosstrek  ->  2.0L I4
[733/909] 2018 Subaru Forester  ->  2.0L I4 / 2.5L I4
[734/909] 2018 Subaru Outback  ->  2.5L I4 / 3.6L V6
[735/909] 2019 Subaru Crosstrek  ->  2.0L I4
[736/909] 2019 Subaru Forester  ->  2.5L I4
[737/909] 2019 Subaru Impreza  ->  2.0L I4
[738/909] 2019 Subaru Outback  ->  2.5L I4 / 3.6L V6
[739/909] 2020 Subaru Ascent  ->  2.4L I4
[740/909] 2020 Subaru BRZ  ->  2.0L I4
[741/909] 2020 Subaru Crosstrek  ->  2.0L I4
[742/909] 2020 Subaru Forester  ->  2.5L I4
[743/909] 2020 Subaru Impreza  ->  2.0L I4
[744/909] 2020 Subaru Legacy  ->  2.4L I4 / 2.5L I4
[745/909] 2020 Subaru WRX  ->  2.0L I4 / 2.5L I4
[746/909] 2021 Subaru Ascent  ->  2.4L I4
[747/909] 2021 Subaru BRZ  ->  (miss: no_model_match)
[748/909] 2021 Subaru Crosstrek  ->  2.0L I4 / 2.5L I4
[749/909] 2021 Subaru Forester  ->  2.5L I4
[750/909] 2021 Subaru Impreza  ->  2.0L I4
[751/909] 2021 Subaru Legacy  ->  2.4L I4 / 2.5L I4
[752/909] 2021 Subaru WRX  ->  2.0L I4 / 2.5L I4
[753/909] 2022 Subaru Ascent  ->  2.4L I4
[754/909] 2022 Subaru BRZ  ->  2.4L I4
[755/909] 2022 Subaru Forester  ->  2.5L I4
[756/909] 2022 Subaru WRX  ->  2.4L I4
[757/909] 2023 Subaru Forester  ->  2.5L I4
[758/909] 2023 Subaru Solterra  ->  Electric
[759/909] 2024 Subaru Crosstrek  ->  2.0L I4 / 2.5L I4
[760/909] 2024 Subaru Forester  ->  2.5L I4
[761/909] 2024 Subaru Impreza  ->  2.0L I4 / 2.5L I4
[762/909] 2024 Subaru Solterra  ->  Electric
[763/909] 2020 Tesla Model 3  ->  Electric
[764/909] 2020 Tesla Model S  ->  Electric
[765/909] 2020 Tesla Model X  ->  Electric
[766/909] 2021 Tesla Model 3  ->  Electric
[767/909] 2021 Tesla Model S  ->  Electric
[768/909] 2021 Tesla Model X  ->  Electric
[769/909] 2021 Tesla Model Y  ->  Electric
[770/909] 2022 Tesla Model 3  ->  Electric
[771/909] 2022 Tesla Model S  ->  Electric
[772/909] 2022 Tesla Model X  ->  Electric
[773/909] 2022 Tesla Model Y  ->  Electric
[774/909] 2023 Tesla Model S  ->  Electric
[775/909] 2023 Tesla Model X  ->  Electric
[776/909] 2024 Tesla Cybertruck  ->  (miss: no_model_match)
[777/909] 2024 Tesla Model 3  ->  Electric
[778/909] 2024 Tesla Model S  ->  Electric
[779/909] 2024 Tesla Model X  ->  Electric
[780/909] 2024 Tesla Model Y  ->  Electric
[781/909] 2003 Toyota 4Runner  ->  4.0L V6 / 4.7L V8
[782/909] 2003 Toyota Camry  ->  2.4L I4 / 3.0L V6
[783/909] 2003 Toyota Corolla  ->  1.8L I4
[784/909] 2003 Toyota Highlander  ->  2.4L I4 / 3.0L V6
[785/909] 2003 Toyota Prius  ->  1.5L I4
[786/909] 2003 Toyota RAV4  ->  2.0L I4
[787/909] 2003 Toyota Sequoia  ->  4.7L V8
[788/909] 2003 Toyota Sienna  ->  3.0L V6
[789/909] 2003 Toyota Tacoma  ->  2.4L I4 / 2.7L I4 / 3.4L V6
[790/909] 2003 Toyota Tundra  ->  3.4L V6 / 4.7L V8
[791/909] 2004 Toyota 4Runner  ->  4.0L V6 / 4.7L V8
[792/909] 2004 Toyota Camry  ->  2.4L I4 / 3.0L V6 / 3.3L V6
[793/909] 2004 Toyota Corolla  ->  1.8L I4
[794/909] 2004 Toyota Highlander  ->  2.4L I4 / 3.3L V6
[795/909] 2004 Toyota Prius  ->  1.5L I4
[796/909] 2004 Toyota RAV4  ->  2.4L I4
[797/909] 2004 Toyota Sequoia  ->  4.7L V8
[798/909] 2004 Toyota Sienna  ->  3.3L V6
[799/909] 2004 Toyota Tacoma  ->  2.4L I4 / 2.7L I4 / 3.4L V6
[800/909] 2004 Toyota Tundra  ->  3.4L V6 / 4.7L V8
[801/909] 2005 Toyota Camry  ->  2.4L I4 / 3.0L V6 / 3.3L V6
[802/909] 2005 Toyota Corolla  ->  1.8L I4
[803/909] 2005 Toyota Highlander  ->  2.4L I4 / 3.3L V6
[804/909] 2005 Toyota Prius  ->  1.5L I4
[805/909] 2005 Toyota RAV4  ->  2.4L I4
[806/909] 2005 Toyota Sienna  ->  3.3L V6
[807/909] 2005 Toyota Tundra  ->  4.0L V6 / 4.7L V8
[808/909] 2006 Toyota Camry  ->  2.4L I4 / 3.0L V6 / 3.3L V6
[809/909] 2006 Toyota Corolla  ->  1.8L I4
[810/909] 2006 Toyota Highlander  ->  2.4L I4 / 3.3L V6
[811/909] 2006 Toyota Prius  ->  1.5L I4
[812/909] 2006 Toyota RAV4  ->  2.4L I4 / 3.5L V6
[813/909] 2006 Toyota Sienna  ->  3.3L V6
[814/909] 2006 Toyota Tundra  ->  4.0L V6 / 4.7L V8
[815/909] 2007 Toyota Corolla  ->  1.8L I4
[816/909] 2007 Toyota Prius  ->  1.5L I4
[817/909] 2007 Toyota RAV4  ->  2.4L I4 / 3.5L V6
[818/909] 2008 Toyota Corolla  ->  1.8L I4
[819/909] 2008 Toyota Prius  ->  1.5L I4
[820/909] 2008 Toyota RAV4  ->  2.4L I4 / 3.5L V6
[821/909] 2009 Toyota Corolla  ->  1.8L I4 / 2.4L I4
[822/909] 2009 Toyota Prius  ->  1.5L I4
[823/909] 2009 Toyota RAV4  ->  2.5L I4 / 3.5L V6
[824/909] 2010 Toyota Corolla  ->  1.8L I4 / 2.4L I4
[825/909] 2012 Toyota Corolla  ->  1.8L I4
[826/909] 2015 Toyota Corolla  ->  1.8L I4
[827/909] 2015 Toyota RAV4  ->  2.5L I4
[828/909] 2016 Toyota RAV4  ->  2.5L I4
[829/909] 2017 Toyota Corolla  ->  1.8L I4
[830/909] 2017 Toyota RAV4  ->  2.5L I4
[831/909] 2018 Toyota Corolla  ->  1.8L I4
[832/909] 2018 Toyota RAV4  ->  2.5L I4
[833/909] 2020 Toyota 4Runner  ->  4.0L V6
[834/909] 2020 Toyota C-HR  ->  2.0L I4
[835/909] 2020 Toyota Corolla  ->  1.8L I4 / 2.0L I4
[836/909] 2020 Toyota Land Cruiser  ->  5.7L V8
[837/909] 2020 Toyota Prius  ->  1.5L I4 / 1.8L I4
[838/909] 2020 Toyota Sequoia  ->  5.7L V8
[839/909] 2020 Toyota Sienna  ->  3.5L V6
[840/909] 2020 Toyota Venza  ->  (miss: no_model_match)
[841/909] 2021 Toyota 4Runner  ->  4.0L V6
[842/909] 2021 Toyota C-HR  ->  2.0L I4
[843/909] 2021 Toyota Corolla  ->  1.8L I4 / 2.0L I4
[844/909] 2021 Toyota Land Cruiser  ->  5.7L V8
[845/909] 2021 Toyota Prius  ->  1.8L I4
[846/909] 2021 Toyota Sequoia  ->  5.7L V8
[847/909] 2021 Toyota Sienna  ->  2.5L I4
[848/909] 2021 Toyota Venza  ->  2.5L I4
[849/909] 2022 Toyota 4Runner  ->  4.0L V6
[850/909] 2022 Toyota C-HR  ->  2.0L I4
[851/909] 2022 Toyota Corolla  ->  1.8L I4 / 2.0L I4
[852/909] 2022 Toyota Corolla Cross  ->  2.0L I4
[853/909] 2022 Toyota GR86  ->  2.4L I4
[854/909] 2022 Toyota Prius  ->  1.8L I4
[855/909] 2022 Toyota Sequoia  ->  5.7L V8
[856/909] 2022 Toyota Venza  ->  2.5L I4
[857/909] 2023 Toyota Corolla  ->  1.8L I4 / 2.0L I4
[858/909] 2023 Toyota Corolla Cross  ->  2.0L I4
[859/909] 2023 Toyota Crown  ->  2.4L I4 / 2.5L I4
[860/909] 2023 Toyota GR86  ->  2.4L I4
[861/909] 2023 Toyota bZ4X  ->  Electric
[862/909] 2024 Toyota 4Runner  ->  4.0L V6
[863/909] 2024 Toyota Crown  ->  2.4L I4 / 2.5L I4
[864/909] 2024 Toyota Sienna  ->  2.5L I4
[865/909] 2024 Toyota bZ4X  ->  Electric
[866/909] 2003 Volkswagen Golf  ->  1.9L I4 / 2.0L I4
[867/909] 2003 Volkswagen Jetta  ->  1.8L I4 / 1.9L I4 / 2.0L I4 / 2.8L V6
[868/909] 2003 Volkswagen Passat  ->  1.8L I4 / 2.8L V6 / 4.0L V8
[869/909] 2004 Volkswagen Golf  ->  1.9L I4 / 2.0L I4
[870/909] 2004 Volkswagen Jetta  ->  1.8L I4 / 1.9L I4 / 2.0L I4 / 2.8L V6
[871/909] 2004 Volkswagen Passat  ->  1.8L I4 / 2.0L I4 / 2.8L V6 / 4.0L V8
[872/909] 2005 Volkswagen Jetta  ->  1.8L I4 / 1.9L I4 / 2.0L I4 / 2.5L I5
[873/909] 2006 Volkswagen Jetta  ->  1.9L I4 / 2.0L I4 / 2.5L I5
[874/909] 2017 Volkswagen Jetta  ->  1.4L I4 / 1.8L I4 / 2.0L I4
[875/909] 2018 Volkswagen Jetta  ->  1.4L I4 / 1.8L I4 / 2.0L I4
[876/909] 2020 Volkswagen Atlas  ->  2.0L I4 / 3.6L V6
[877/909] 2020 Volkswagen Jetta  ->  1.4L I4 / 2.0L I4
[878/909] 2020 Volkswagen Passat  ->  2.0L I4
[879/909] 2020 Volkswagen Tiguan  ->  2.0L I4
[880/909] 2021 Volkswagen Atlas  ->  2.0L I4 / 3.6L V6
[881/909] 2021 Volkswagen ID.4  ->  Electric
[882/909] 2021 Volkswagen Jetta  ->  1.4L I4 / 2.0L I4
[883/909] 2021 Volkswagen Passat  ->  2.0L I4
[884/909] 2021 Volkswagen Tiguan  ->  2.0L I4
[885/909] 2022 Volkswagen Atlas  ->  2.0L I4 / 3.6L V6
[886/909] 2022 Volkswagen ID.4  ->  Electric
[887/909] 2022 Volkswagen Jetta  ->  1.5L I4
[888/909] 2023 Volkswagen Atlas Cross Sport  ->  2.0L I4 / 3.6L V6
[889/909] 2023 Volkswagen ID.4  ->  Electric
[890/909] 2023 Volkswagen Jetta  ->  1.5L I4
[891/909] 2023 Volkswagen Tiguan  ->  2.0L I4
[892/909] 2024 Volkswagen Atlas  ->  2.0L I4
[893/909] 2024 Volkswagen ID.4  ->  Electric
[894/909] 2024 Volkswagen Tiguan  ->  2.0L I4
[895/909] 2020 Volvo XC40  ->  2.0L I4
[896/909] 2020 Volvo XC60  ->  2.0L I4
[897/909] 2020 Volvo XC90  ->  2.0L I4
[898/909] 2021 Volvo XC40  ->  2.0L I4
[899/909] 2021 Volvo XC60  ->  2.0L I4
[900/909] 2021 Volvo XC90  ->  2.0L I4
[901/909] 2022 Volvo S60  ->  2.0L I4
[902/909] 2022 Volvo XC40  ->  2.0L I4
[903/909] 2022 Volvo XC60  ->  2.0L I4
[904/909] 2022 Volvo XC90  ->  2.0L I4
[905/909] 2023 Volvo S60  ->  2.0L I4
[906/909] 2023 Volvo XC40  ->  2.0L I4
[907/909] 2024 Volvo XC40  ->  2.0L I4
[908/909] 2024 Volvo XC60  ->  2.0L I4
[909/909] 2024 Volvo XC90  ->  2.0L I4

--- Done ---------------------------
Engine filled (ICE) : 813
Engine filled (EV)  : 62
No match            : 34
Still NULL after run: 34
Log                 : C:\Users\Robert\OneDrive\Desktop\Wrench App Data\epa_engine_backfill.log
